<!doctype html public "-//w3c//dtd html 4.0 transitional//en">
<html><head>
<title>Static Call Graph - [AX-NC64_Clock\AX-NC64_Clock.axf]</title></head>
<body><HR>
<H1>Static Call Graph for image AX-NC64_Clock\AX-NC64_Clock.axf</H1><HR>
<BR><P>#&#060CALLGRAPH&#062# ARM Linker, 5060750: Last Updated: Fri Jun 14 14:08:26 2019
<BR><P>
<H3>Maximum Stack Usage =        192 bytes + Unknown(Cycles, Untraceable Function Pointers)</H3><H3>
Call chain for Maximum Stack Depth:</H3>
main &rArr; read_time &rArr; HAL_I2C_Master_Receive &rArr; I2C_WaitOnRXNEFlagUntilTimeout &rArr; I2C_IsAcknowledgeFailed
<P>
<H3>
Mutually Recursive functions
</H3> <LI><a href="#[12]">ADC1_COMP_IRQHandler</a>&nbsp;&nbsp;&nbsp;&rArr;&nbsp;&nbsp;&nbsp;<a href="#[12]">ADC1_COMP_IRQHandler</a><BR>
 <LI><a href="#[2]">HardFault_Handler</a>&nbsp;&nbsp;&nbsp;&rArr;&nbsp;&nbsp;&nbsp;<a href="#[2]">HardFault_Handler</a><BR>
</UL>
<P>
<H3>
Function Pointers
</H3><UL>
 <LI><a href="#[12]">ADC1_COMP_IRQHandler</a> from startup_stm32l053xx.o(.text) referenced from startup_stm32l053xx.o(RESET)
 <LI><a href="#[f]">DMA1_Channel1_IRQHandler</a> from startup_stm32l053xx.o(.text) referenced from startup_stm32l053xx.o(RESET)
 <LI><a href="#[10]">DMA1_Channel2_3_IRQHandler</a> from startup_stm32l053xx.o(.text) referenced from startup_stm32l053xx.o(RESET)
 <LI><a href="#[11]">DMA1_Channel4_5_6_7_IRQHandler</a> from startup_stm32l053xx.o(.text) referenced from startup_stm32l053xx.o(RESET)
 <LI><a href="#[b]">EXTI0_1_IRQHandler</a> from startup_stm32l053xx.o(.text) referenced from startup_stm32l053xx.o(RESET)
 <LI><a href="#[c]">EXTI2_3_IRQHandler</a> from startup_stm32l053xx.o(.text) referenced from startup_stm32l053xx.o(RESET)
 <LI><a href="#[d]">EXTI4_15_IRQHandler</a> from startup_stm32l053xx.o(.text) referenced from startup_stm32l053xx.o(RESET)
 <LI><a href="#[9]">FLASH_IRQHandler</a> from startup_stm32l053xx.o(.text) referenced from startup_stm32l053xx.o(RESET)
 <LI><a href="#[2]">HardFault_Handler</a> from stm32l0xx_it.o(i.HardFault_Handler) referenced from startup_stm32l053xx.o(RESET)
 <LI><a href="#[18]">I2C1_IRQHandler</a> from startup_stm32l053xx.o(.text) referenced from startup_stm32l053xx.o(RESET)
 <LI><a href="#[19]">I2C2_IRQHandler</a> from startup_stm32l053xx.o(.text) referenced from startup_stm32l053xx.o(RESET)
 <LI><a href="#[1f]">LCD_IRQHandler</a> from startup_stm32l053xx.o(.text) referenced from startup_stm32l053xx.o(RESET)
 <LI><a href="#[13]">LPTIM1_IRQHandler</a> from startup_stm32l053xx.o(.text) referenced from startup_stm32l053xx.o(RESET)
 <LI><a href="#[1]">NMI_Handler</a> from stm32l0xx_it.o(i.NMI_Handler) referenced from startup_stm32l053xx.o(RESET)
 <LI><a href="#[7]">PVD_IRQHandler</a> from startup_stm32l053xx.o(.text) referenced from startup_stm32l053xx.o(RESET)
 <LI><a href="#[4]">PendSV_Handler</a> from stm32l0xx_it.o(i.PendSV_Handler) referenced from startup_stm32l053xx.o(RESET)
 <LI><a href="#[a]">RCC_CRS_IRQHandler</a> from startup_stm32l053xx.o(.text) referenced from startup_stm32l053xx.o(RESET)
 <LI><a href="#[1e]">RNG_LPUART1_IRQHandler</a> from startup_stm32l053xx.o(.text) referenced from startup_stm32l053xx.o(RESET)
 <LI><a href="#[8]">RTC_IRQHandler</a> from startup_stm32l053xx.o(.text) referenced from startup_stm32l053xx.o(RESET)
 <LI><a href="#[0]">Reset_Handler</a> from startup_stm32l053xx.o(.text) referenced from startup_stm32l053xx.o(RESET)
 <LI><a href="#[1a]">SPI1_IRQHandler</a> from startup_stm32l053xx.o(.text) referenced from startup_stm32l053xx.o(RESET)
 <LI><a href="#[1b]">SPI2_IRQHandler</a> from startup_stm32l053xx.o(.text) referenced from startup_stm32l053xx.o(RESET)
 <LI><a href="#[3]">SVC_Handler</a> from stm32l0xx_it.o(i.SVC_Handler) referenced from startup_stm32l053xx.o(RESET)
 <LI><a href="#[5]">SysTick_Handler</a> from stm32l0xx_it.o(i.SysTick_Handler) referenced from startup_stm32l053xx.o(RESET)
 <LI><a href="#[22]">SystemInit</a> from system_stm32l0xx.o(i.SystemInit) referenced from startup_stm32l053xx.o(.text)
 <LI><a href="#[16]">TIM21_IRQHandler</a> from startup_stm32l053xx.o(.text) referenced from startup_stm32l053xx.o(RESET)
 <LI><a href="#[17]">TIM22_IRQHandler</a> from startup_stm32l053xx.o(.text) referenced from startup_stm32l053xx.o(RESET)
 <LI><a href="#[14]">TIM2_IRQHandler</a> from startup_stm32l053xx.o(.text) referenced from startup_stm32l053xx.o(RESET)
 <LI><a href="#[15]">TIM6_DAC_IRQHandler</a> from startup_stm32l053xx.o(.text) referenced from startup_stm32l053xx.o(RESET)
 <LI><a href="#[e]">TSC_IRQHandler</a> from startup_stm32l053xx.o(.text) referenced from startup_stm32l053xx.o(RESET)
 <LI><a href="#[1c]">USART1_IRQHandler</a> from startup_stm32l053xx.o(.text) referenced from startup_stm32l053xx.o(RESET)
 <LI><a href="#[1d]">USART2_IRQHandler</a> from startup_stm32l053xx.o(.text) referenced from startup_stm32l053xx.o(RESET)
 <LI><a href="#[20]">USB_IRQHandler</a> from startup_stm32l053xx.o(.text) referenced from startup_stm32l053xx.o(RESET)
 <LI><a href="#[6]">WWDG_IRQHandler</a> from startup_stm32l053xx.o(.text) referenced from startup_stm32l053xx.o(RESET)
 <LI><a href="#[23]">__main</a> from entry.o(.ARM.Collect$$$$00000000) referenced from startup_stm32l053xx.o(.text)
 <LI><a href="#[24]">_sputc</a> from printf1.o(i._sputc) referenced from printf1.o(i.__0sprintf$1)
 <LI><a href="#[21]">main</a> from main.o(i.main) referenced from entry9a.o(.ARM.Collect$$$$0000000B)
</UL>
<P>
<H3>
Global Symbols
</H3>
<P><STRONG><a name="[23]"></a>__main</STRONG> (Thumb, 0 bytes, Stack size unknown bytes, entry.o(.ARM.Collect$$$$00000000))
<BR>[Address Reference Count : 1]<UL><LI> startup_stm32l053xx.o(.text)
</UL>
<P><STRONG><a name="[57]"></a>_main_stk</STRONG> (Thumb, 0 bytes, Stack size unknown bytes, entry2.o(.ARM.Collect$$$$00000001))

<P><STRONG><a name="[25]"></a>_main_scatterload</STRONG> (Thumb, 0 bytes, Stack size unknown bytes, entry5.o(.ARM.Collect$$$$00000004))
<BR><BR>[Calls]<UL><LI><a href="#[26]">&gt;&gt;</a>&nbsp;&nbsp;&nbsp;__scatterload
</UL>

<P><STRONG><a name="[2a]"></a>__main_after_scatterload</STRONG> (Thumb, 0 bytes, Stack size unknown bytes, entry5.o(.ARM.Collect$$$$00000004))
<BR><BR>[Called By]<UL><LI><a href="#[26]">&gt;&gt;</a>&nbsp;&nbsp;&nbsp;__scatterload
</UL>

<P><STRONG><a name="[58]"></a>_main_clock</STRONG> (Thumb, 0 bytes, Stack size unknown bytes, entry7b.o(.ARM.Collect$$$$00000008))

<P><STRONG><a name="[59]"></a>_main_cpp_init</STRONG> (Thumb, 0 bytes, Stack size unknown bytes, entry8b.o(.ARM.Collect$$$$0000000A))

<P><STRONG><a name="[5a]"></a>_main_init</STRONG> (Thumb, 0 bytes, Stack size unknown bytes, entry9a.o(.ARM.Collect$$$$0000000B))

<P><STRONG><a name="[5b]"></a>__rt_final_cpp</STRONG> (Thumb, 0 bytes, Stack size unknown bytes, entry10a.o(.ARM.Collect$$$$0000000D))

<P><STRONG><a name="[5c]"></a>__rt_final_exit</STRONG> (Thumb, 0 bytes, Stack size unknown bytes, entry11a.o(.ARM.Collect$$$$0000000F))

<P><STRONG><a name="[0]"></a>Reset_Handler</STRONG> (Thumb, 8 bytes, Stack size 0 bytes, startup_stm32l053xx.o(.text))
<BR>[Address Reference Count : 1]<UL><LI> startup_stm32l053xx.o(RESET)
</UL>
<P><STRONG><a name="[12]"></a>ADC1_COMP_IRQHandler</STRONG> (Thumb, 0 bytes, Stack size 0 bytes, startup_stm32l053xx.o(.text))
<BR><BR>[Calls]<UL><LI><a href="#[12]">&gt;&gt;</a>&nbsp;&nbsp;&nbsp;ADC1_COMP_IRQHandler
</UL>
<BR>[Called By]<UL><LI><a href="#[12]">&gt;&gt;</a>&nbsp;&nbsp;&nbsp;ADC1_COMP_IRQHandler
</UL>
<BR>[Address Reference Count : 1]<UL><LI> startup_stm32l053xx.o(RESET)
</UL>
<P><STRONG><a name="[f]"></a>DMA1_Channel1_IRQHandler</STRONG> (Thumb, 0 bytes, Stack size 0 bytes, startup_stm32l053xx.o(.text))
<BR>[Address Reference Count : 1]<UL><LI> startup_stm32l053xx.o(RESET)
</UL>
<P><STRONG><a name="[10]"></a>DMA1_Channel2_3_IRQHandler</STRONG> (Thumb, 0 bytes, Stack size 0 bytes, startup_stm32l053xx.o(.text))
<BR>[Address Reference Count : 1]<UL><LI> startup_stm32l053xx.o(RESET)
</UL>
<P><STRONG><a name="[11]"></a>DMA1_Channel4_5_6_7_IRQHandler</STRONG> (Thumb, 0 bytes, Stack size 0 bytes, startup_stm32l053xx.o(.text))
<BR>[Address Reference Count : 1]<UL><LI> startup_stm32l053xx.o(RESET)
</UL>
<P><STRONG><a name="[b]"></a>EXTI0_1_IRQHandler</STRONG> (Thumb, 0 bytes, Stack size 0 bytes, startup_stm32l053xx.o(.text))
<BR>[Address Reference Count : 1]<UL><LI> startup_stm32l053xx.o(RESET)
</UL>
<P><STRONG><a name="[c]"></a>EXTI2_3_IRQHandler</STRONG> (Thumb, 0 bytes, Stack size 0 bytes, startup_stm32l053xx.o(.text))
<BR>[Address Reference Count : 1]<UL><LI> startup_stm32l053xx.o(RESET)
</UL>
<P><STRONG><a name="[d]"></a>EXTI4_15_IRQHandler</STRONG> (Thumb, 0 bytes, Stack size 0 bytes, startup_stm32l053xx.o(.text))
<BR>[Address Reference Count : 1]<UL><LI> startup_stm32l053xx.o(RESET)
</UL>
<P><STRONG><a name="[9]"></a>FLASH_IRQHandler</STRONG> (Thumb, 0 bytes, Stack size 0 bytes, startup_stm32l053xx.o(.text))
<BR>[Address Reference Count : 1]<UL><LI> startup_stm32l053xx.o(RESET)
</UL>
<P><STRONG><a name="[18]"></a>I2C1_IRQHandler</STRONG> (Thumb, 0 bytes, Stack size 0 bytes, startup_stm32l053xx.o(.text))
<BR>[Address Reference Count : 1]<UL><LI> startup_stm32l053xx.o(RESET)
</UL>
<P><STRONG><a name="[19]"></a>I2C2_IRQHandler</STRONG> (Thumb, 0 bytes, Stack size 0 bytes, startup_stm32l053xx.o(.text))
<BR>[Address Reference Count : 1]<UL><LI> startup_stm32l053xx.o(RESET)
</UL>
<P><STRONG><a name="[1f]"></a>LCD_IRQHandler</STRONG> (Thumb, 0 bytes, Stack size 0 bytes, startup_stm32l053xx.o(.text))
<BR>[Address Reference Count : 1]<UL><LI> startup_stm32l053xx.o(RESET)
</UL>
<P><STRONG><a name="[13]"></a>LPTIM1_IRQHandler</STRONG> (Thumb, 0 bytes, Stack size 0 bytes, startup_stm32l053xx.o(.text))
<BR>[Address Reference Count : 1]<UL><LI> startup_stm32l053xx.o(RESET)
</UL>
<P><STRONG><a name="[7]"></a>PVD_IRQHandler</STRONG> (Thumb, 0 bytes, Stack size 0 bytes, startup_stm32l053xx.o(.text))
<BR>[Address Reference Count : 1]<UL><LI> startup_stm32l053xx.o(RESET)
</UL>
<P><STRONG><a name="[a]"></a>RCC_CRS_IRQHandler</STRONG> (Thumb, 0 bytes, Stack size 0 bytes, startup_stm32l053xx.o(.text))
<BR>[Address Reference Count : 1]<UL><LI> startup_stm32l053xx.o(RESET)
</UL>
<P><STRONG><a name="[1e]"></a>RNG_LPUART1_IRQHandler</STRONG> (Thumb, 0 bytes, Stack size 0 bytes, startup_stm32l053xx.o(.text))
<BR>[Address Reference Count : 1]<UL><LI> startup_stm32l053xx.o(RESET)
</UL>
<P><STRONG><a name="[8]"></a>RTC_IRQHandler</STRONG> (Thumb, 0 bytes, Stack size 0 bytes, startup_stm32l053xx.o(.text))
<BR>[Address Reference Count : 1]<UL><LI> startup_stm32l053xx.o(RESET)
</UL>
<P><STRONG><a name="[1a]"></a>SPI1_IRQHandler</STRONG> (Thumb, 0 bytes, Stack size 0 bytes, startup_stm32l053xx.o(.text))
<BR>[Address Reference Count : 1]<UL><LI> startup_stm32l053xx.o(RESET)
</UL>
<P><STRONG><a name="[1b]"></a>SPI2_IRQHandler</STRONG> (Thumb, 0 bytes, Stack size 0 bytes, startup_stm32l053xx.o(.text))
<BR>[Address Reference Count : 1]<UL><LI> startup_stm32l053xx.o(RESET)
</UL>
<P><STRONG><a name="[16]"></a>TIM21_IRQHandler</STRONG> (Thumb, 0 bytes, Stack size 0 bytes, startup_stm32l053xx.o(.text))
<BR>[Address Reference Count : 1]<UL><LI> startup_stm32l053xx.o(RESET)
</UL>
<P><STRONG><a name="[17]"></a>TIM22_IRQHandler</STRONG> (Thumb, 0 bytes, Stack size 0 bytes, startup_stm32l053xx.o(.text))
<BR>[Address Reference Count : 1]<UL><LI> startup_stm32l053xx.o(RESET)
</UL>
<P><STRONG><a name="[14]"></a>TIM2_IRQHandler</STRONG> (Thumb, 0 bytes, Stack size 0 bytes, startup_stm32l053xx.o(.text))
<BR>[Address Reference Count : 1]<UL><LI> startup_stm32l053xx.o(RESET)
</UL>
<P><STRONG><a name="[15]"></a>TIM6_DAC_IRQHandler</STRONG> (Thumb, 0 bytes, Stack size 0 bytes, startup_stm32l053xx.o(.text))
<BR>[Address Reference Count : 1]<UL><LI> startup_stm32l053xx.o(RESET)
</UL>
<P><STRONG><a name="[e]"></a>TSC_IRQHandler</STRONG> (Thumb, 0 bytes, Stack size 0 bytes, startup_stm32l053xx.o(.text))
<BR>[Address Reference Count : 1]<UL><LI> startup_stm32l053xx.o(RESET)
</UL>
<P><STRONG><a name="[1c]"></a>USART1_IRQHandler</STRONG> (Thumb, 0 bytes, Stack size 0 bytes, startup_stm32l053xx.o(.text))
<BR>[Address Reference Count : 1]<UL><LI> startup_stm32l053xx.o(RESET)
</UL>
<P><STRONG><a name="[1d]"></a>USART2_IRQHandler</STRONG> (Thumb, 0 bytes, Stack size 0 bytes, startup_stm32l053xx.o(.text))
<BR>[Address Reference Count : 1]<UL><LI> startup_stm32l053xx.o(RESET)
</UL>
<P><STRONG><a name="[20]"></a>USB_IRQHandler</STRONG> (Thumb, 0 bytes, Stack size 0 bytes, startup_stm32l053xx.o(.text))
<BR>[Address Reference Count : 1]<UL><LI> startup_stm32l053xx.o(RESET)
</UL>
<P><STRONG><a name="[6]"></a>WWDG_IRQHandler</STRONG> (Thumb, 0 bytes, Stack size 0 bytes, startup_stm32l053xx.o(.text))
<BR>[Address Reference Count : 1]<UL><LI> startup_stm32l053xx.o(RESET)
</UL>
<P><STRONG><a name="[5d]"></a>__aeabi_uidiv</STRONG> (Thumb, 0 bytes, Stack size 12 bytes, uidiv.o(.text), UNUSED)

<P><STRONG><a name="[3b]"></a>__aeabi_uidivmod</STRONG> (Thumb, 44 bytes, Stack size 12 bytes, uidiv.o(.text))
<BR><BR>[Stack]<UL><LI>Max Depth = 12<LI>Call Chain = __aeabi_uidivmod
</UL>
<BR>[Called By]<UL><LI><a href="#[40]">&gt;&gt;</a>&nbsp;&nbsp;&nbsp;HAL_RCC_GetSysClockFreq
<LI><a href="#[39]">&gt;&gt;</a>&nbsp;&nbsp;&nbsp;HAL_InitTick
<LI><a href="#[4a]">&gt;&gt;</a>&nbsp;&nbsp;&nbsp;_printf_core
</UL>

<P><STRONG><a name="[28]"></a>__aeabi_memset</STRONG> (Thumb, 14 bytes, Stack size 0 bytes, memseta.o(.text), UNUSED)
<BR><BR>[Called By]<UL><LI><a href="#[29]">&gt;&gt;</a>&nbsp;&nbsp;&nbsp;_memset$wrapper
<LI><a href="#[27]">&gt;&gt;</a>&nbsp;&nbsp;&nbsp;__aeabi_memclr
</UL>

<P><STRONG><a name="[5e]"></a>__aeabi_memset4</STRONG> (Thumb, 0 bytes, Stack size 0 bytes, memseta.o(.text), UNUSED)

<P><STRONG><a name="[5f]"></a>__aeabi_memset8</STRONG> (Thumb, 0 bytes, Stack size 0 bytes, memseta.o(.text), UNUSED)

<P><STRONG><a name="[27]"></a>__aeabi_memclr</STRONG> (Thumb, 4 bytes, Stack size 0 bytes, memseta.o(.text), UNUSED)
<BR><BR>[Calls]<UL><LI><a href="#[28]">&gt;&gt;</a>&nbsp;&nbsp;&nbsp;__aeabi_memset
</UL>

<P><STRONG><a name="[36]"></a>__aeabi_memclr4</STRONG> (Thumb, 0 bytes, Stack size 0 bytes, memseta.o(.text))
<BR><BR>[Called By]<UL><LI><a href="#[2e]">&gt;&gt;</a>&nbsp;&nbsp;&nbsp;HAL_I2C_MspInit
<LI><a href="#[21]">&gt;&gt;</a>&nbsp;&nbsp;&nbsp;main
<LI><a href="#[48]">&gt;&gt;</a>&nbsp;&nbsp;&nbsp;SystemClock_Config
</UL>

<P><STRONG><a name="[60]"></a>__aeabi_memclr8</STRONG> (Thumb, 0 bytes, Stack size 0 bytes, memseta.o(.text), UNUSED)

<P><STRONG><a name="[29]"></a>_memset$wrapper</STRONG> (Thumb, 18 bytes, Stack size 8 bytes, memseta.o(.text), UNUSED)
<BR><BR>[Calls]<UL><LI><a href="#[28]">&gt;&gt;</a>&nbsp;&nbsp;&nbsp;__aeabi_memset
</UL>

<P><STRONG><a name="[26]"></a>__scatterload</STRONG> (Thumb, 28 bytes, Stack size 0 bytes, init.o(.text))
<BR><BR>[Calls]<UL><LI><a href="#[2a]">&gt;&gt;</a>&nbsp;&nbsp;&nbsp;__main_after_scatterload
</UL>
<BR>[Called By]<UL><LI><a href="#[25]">&gt;&gt;</a>&nbsp;&nbsp;&nbsp;_main_scatterload
</UL>

<P><STRONG><a name="[61]"></a>__scatterload_rt2</STRONG> (Thumb, 0 bytes, Stack size 0 bytes, init.o(.text), UNUSED)

<P><STRONG><a name="[2b]"></a>HAL_Delay</STRONG> (Thumb, 28 bytes, Stack size 16 bytes, stm32l0xx_hal.o(i.HAL_Delay))
<BR><BR>[Stack]<UL><LI>Max Depth = 16<LI>Call Chain = HAL_Delay
</UL>
<BR>[Calls]<UL><LI><a href="#[2c]">&gt;&gt;</a>&nbsp;&nbsp;&nbsp;HAL_GetTick
</UL>
<BR>[Called By]<UL><LI><a href="#[54]">&gt;&gt;</a>&nbsp;&nbsp;&nbsp;read_time
<LI><a href="#[21]">&gt;&gt;</a>&nbsp;&nbsp;&nbsp;main
<LI><a href="#[50]">&gt;&gt;</a>&nbsp;&nbsp;&nbsp;lcd_nop
<LI><a href="#[4f]">&gt;&gt;</a>&nbsp;&nbsp;&nbsp;lcd_init
</UL>

<P><STRONG><a name="[37]"></a>HAL_GPIO_Init</STRONG> (Thumb, 346 bytes, Stack size 24 bytes, stm32l0xx_hal_gpio.o(i.HAL_GPIO_Init))
<BR><BR>[Stack]<UL><LI>Max Depth = 24<LI>Call Chain = HAL_GPIO_Init
</UL>
<BR>[Called By]<UL><LI><a href="#[2e]">&gt;&gt;</a>&nbsp;&nbsp;&nbsp;HAL_I2C_MspInit
<LI><a href="#[21]">&gt;&gt;</a>&nbsp;&nbsp;&nbsp;main
</UL>

<P><STRONG><a name="[4e]"></a>HAL_GPIO_WritePin</STRONG> (Thumb, 12 bytes, Stack size 0 bytes, stm32l0xx_hal_gpio.o(i.HAL_GPIO_WritePin))
<BR><BR>[Called By]<UL><LI><a href="#[21]">&gt;&gt;</a>&nbsp;&nbsp;&nbsp;main
<LI><a href="#[4c]">&gt;&gt;</a>&nbsp;&nbsp;&nbsp;lcd_write
<LI><a href="#[50]">&gt;&gt;</a>&nbsp;&nbsp;&nbsp;lcd_nop
<LI><a href="#[4f]">&gt;&gt;</a>&nbsp;&nbsp;&nbsp;lcd_init
<LI><a href="#[4d]">&gt;&gt;</a>&nbsp;&nbsp;&nbsp;lcd_data
</UL>

<P><STRONG><a name="[2c]"></a>HAL_GetTick</STRONG> (Thumb, 6 bytes, Stack size 0 bytes, stm32l0xx_hal.o(i.HAL_GetTick))
<BR><BR>[Called By]<UL><LI><a href="#[35]">&gt;&gt;</a>&nbsp;&nbsp;&nbsp;I2C_WaitOnTXISFlagUntilTimeout
<LI><a href="#[33]">&gt;&gt;</a>&nbsp;&nbsp;&nbsp;I2C_WaitOnSTOPFlagUntilTimeout
<LI><a href="#[32]">&gt;&gt;</a>&nbsp;&nbsp;&nbsp;I2C_WaitOnRXNEFlagUntilTimeout
<LI><a href="#[30]">&gt;&gt;</a>&nbsp;&nbsp;&nbsp;I2C_WaitOnFlagUntilTimeout
<LI><a href="#[42]">&gt;&gt;</a>&nbsp;&nbsp;&nbsp;I2C_IsAcknowledgeFailed
<LI><a href="#[41]">&gt;&gt;</a>&nbsp;&nbsp;&nbsp;HAL_RCC_OscConfig
<LI><a href="#[3f]">&gt;&gt;</a>&nbsp;&nbsp;&nbsp;HAL_RCC_ClockConfig
<LI><a href="#[34]">&gt;&gt;</a>&nbsp;&nbsp;&nbsp;HAL_I2C_Master_Transmit
<LI><a href="#[2f]">&gt;&gt;</a>&nbsp;&nbsp;&nbsp;HAL_I2C_Master_Receive
<LI><a href="#[2b]">&gt;&gt;</a>&nbsp;&nbsp;&nbsp;HAL_Delay
</UL>

<P><STRONG><a name="[45]"></a>HAL_I2CEx_ConfigAnalogFilter</STRONG> (Thumb, 74 bytes, Stack size 16 bytes, stm32l0xx_hal_i2c_ex.o(i.HAL_I2CEx_ConfigAnalogFilter))
<BR><BR>[Stack]<UL><LI>Max Depth = 16<LI>Call Chain = HAL_I2CEx_ConfigAnalogFilter
</UL>
<BR>[Called By]<UL><LI><a href="#[44]">&gt;&gt;</a>&nbsp;&nbsp;&nbsp;MX_I2C2_Init
</UL>

<P><STRONG><a name="[46]"></a>HAL_I2CEx_ConfigDigitalFilter</STRONG> (Thumb, 72 bytes, Stack size 16 bytes, stm32l0xx_hal_i2c_ex.o(i.HAL_I2CEx_ConfigDigitalFilter))
<BR><BR>[Stack]<UL><LI>Max Depth = 16<LI>Call Chain = HAL_I2CEx_ConfigDigitalFilter
</UL>
<BR>[Called By]<UL><LI><a href="#[44]">&gt;&gt;</a>&nbsp;&nbsp;&nbsp;MX_I2C2_Init
</UL>

<P><STRONG><a name="[2d]"></a>HAL_I2C_Init</STRONG> (Thumb, 176 bytes, Stack size 16 bytes, stm32l0xx_hal_i2c.o(i.HAL_I2C_Init))
<BR><BR>[Stack]<UL><LI>Max Depth = 72<LI>Call Chain = HAL_I2C_Init &rArr; HAL_I2C_MspInit &rArr; HAL_GPIO_Init
</UL>
<BR>[Calls]<UL><LI><a href="#[2e]">&gt;&gt;</a>&nbsp;&nbsp;&nbsp;HAL_I2C_MspInit
</UL>
<BR>[Called By]<UL><LI><a href="#[44]">&gt;&gt;</a>&nbsp;&nbsp;&nbsp;MX_I2C2_Init
</UL>

<P><STRONG><a name="[2f]"></a>HAL_I2C_Master_Receive</STRONG> (Thumb, 262 bytes, Stack size 40 bytes, stm32l0xx_hal_i2c.o(i.HAL_I2C_Master_Receive))
<BR><BR>[Stack]<UL><LI>Max Depth = 104<LI>Call Chain = HAL_I2C_Master_Receive &rArr; I2C_WaitOnRXNEFlagUntilTimeout &rArr; I2C_IsAcknowledgeFailed
</UL>
<BR>[Calls]<UL><LI><a href="#[2c]">&gt;&gt;</a>&nbsp;&nbsp;&nbsp;HAL_GetTick
<LI><a href="#[33]">&gt;&gt;</a>&nbsp;&nbsp;&nbsp;I2C_WaitOnSTOPFlagUntilTimeout
<LI><a href="#[32]">&gt;&gt;</a>&nbsp;&nbsp;&nbsp;I2C_WaitOnRXNEFlagUntilTimeout
<LI><a href="#[30]">&gt;&gt;</a>&nbsp;&nbsp;&nbsp;I2C_WaitOnFlagUntilTimeout
<LI><a href="#[31]">&gt;&gt;</a>&nbsp;&nbsp;&nbsp;I2C_TransferConfig
</UL>
<BR>[Called By]<UL><LI><a href="#[54]">&gt;&gt;</a>&nbsp;&nbsp;&nbsp;read_time
</UL>

<P><STRONG><a name="[34]"></a>HAL_I2C_Master_Transmit</STRONG> (Thumb, 262 bytes, Stack size 40 bytes, stm32l0xx_hal_i2c.o(i.HAL_I2C_Master_Transmit))
<BR><BR>[Stack]<UL><LI>Max Depth = 88<LI>Call Chain = HAL_I2C_Master_Transmit &rArr; I2C_WaitOnTXISFlagUntilTimeout &rArr; I2C_IsAcknowledgeFailed
</UL>
<BR>[Calls]<UL><LI><a href="#[2c]">&gt;&gt;</a>&nbsp;&nbsp;&nbsp;HAL_GetTick
<LI><a href="#[35]">&gt;&gt;</a>&nbsp;&nbsp;&nbsp;I2C_WaitOnTXISFlagUntilTimeout
<LI><a href="#[33]">&gt;&gt;</a>&nbsp;&nbsp;&nbsp;I2C_WaitOnSTOPFlagUntilTimeout
<LI><a href="#[30]">&gt;&gt;</a>&nbsp;&nbsp;&nbsp;I2C_WaitOnFlagUntilTimeout
<LI><a href="#[31]">&gt;&gt;</a>&nbsp;&nbsp;&nbsp;I2C_TransferConfig
</UL>
<BR>[Called By]<UL><LI><a href="#[54]">&gt;&gt;</a>&nbsp;&nbsp;&nbsp;read_time
</UL>

<P><STRONG><a name="[2e]"></a>HAL_I2C_MspInit</STRONG> (Thumb, 82 bytes, Stack size 32 bytes, stm32l0xx_hal_msp.o(i.HAL_I2C_MspInit))
<BR><BR>[Stack]<UL><LI>Max Depth = 56<LI>Call Chain = HAL_I2C_MspInit &rArr; HAL_GPIO_Init
</UL>
<BR>[Calls]<UL><LI><a href="#[37]">&gt;&gt;</a>&nbsp;&nbsp;&nbsp;HAL_GPIO_Init
<LI><a href="#[36]">&gt;&gt;</a>&nbsp;&nbsp;&nbsp;__aeabi_memclr4
</UL>
<BR>[Called By]<UL><LI><a href="#[2d]">&gt;&gt;</a>&nbsp;&nbsp;&nbsp;HAL_I2C_Init
</UL>

<P><STRONG><a name="[47]"></a>HAL_IncTick</STRONG> (Thumb, 10 bytes, Stack size 0 bytes, stm32l0xx_hal.o(i.HAL_IncTick))
<BR><BR>[Called By]<UL><LI><a href="#[5]">&gt;&gt;</a>&nbsp;&nbsp;&nbsp;SysTick_Handler
</UL>

<P><STRONG><a name="[38]"></a>HAL_Init</STRONG> (Thumb, 36 bytes, Stack size 8 bytes, stm32l0xx_hal.o(i.HAL_Init))
<BR><BR>[Stack]<UL><LI>Max Depth = 36<LI>Call Chain = HAL_Init &rArr; HAL_InitTick &rArr; __aeabi_uidivmod
</UL>
<BR>[Calls]<UL><LI><a href="#[3a]">&gt;&gt;</a>&nbsp;&nbsp;&nbsp;HAL_MspInit
<LI><a href="#[39]">&gt;&gt;</a>&nbsp;&nbsp;&nbsp;HAL_InitTick
</UL>
<BR>[Called By]<UL><LI><a href="#[21]">&gt;&gt;</a>&nbsp;&nbsp;&nbsp;main
</UL>

<P><STRONG><a name="[39]"></a>HAL_InitTick</STRONG> (Thumb, 44 bytes, Stack size 16 bytes, stm32l0xx_hal.o(i.HAL_InitTick))
<BR><BR>[Stack]<UL><LI>Max Depth = 28<LI>Call Chain = HAL_InitTick &rArr; __aeabi_uidivmod
</UL>
<BR>[Calls]<UL><LI><a href="#[3c]">&gt;&gt;</a>&nbsp;&nbsp;&nbsp;HAL_SYSTICK_Config
<LI><a href="#[3d]">&gt;&gt;</a>&nbsp;&nbsp;&nbsp;HAL_NVIC_SetPriority
<LI><a href="#[3b]">&gt;&gt;</a>&nbsp;&nbsp;&nbsp;__aeabi_uidivmod
</UL>
<BR>[Called By]<UL><LI><a href="#[41]">&gt;&gt;</a>&nbsp;&nbsp;&nbsp;HAL_RCC_OscConfig
<LI><a href="#[3f]">&gt;&gt;</a>&nbsp;&nbsp;&nbsp;HAL_RCC_ClockConfig
<LI><a href="#[38]">&gt;&gt;</a>&nbsp;&nbsp;&nbsp;HAL_Init
</UL>

<P><STRONG><a name="[3a]"></a>HAL_MspInit</STRONG> (Thumb, 20 bytes, Stack size 0 bytes, stm32l0xx_hal_msp.o(i.HAL_MspInit))
<BR><BR>[Called By]<UL><LI><a href="#[38]">&gt;&gt;</a>&nbsp;&nbsp;&nbsp;HAL_Init
</UL>

<P><STRONG><a name="[3d]"></a>HAL_NVIC_SetPriority</STRONG> (Thumb, 8 bytes, Stack size 8 bytes, stm32l0xx_hal_cortex.o(i.HAL_NVIC_SetPriority))
<BR><BR>[Stack]<UL><LI>Max Depth = 8<LI>Call Chain = HAL_NVIC_SetPriority
</UL>
<BR>[Calls]<UL><LI><a href="#[3e]">&gt;&gt;</a>&nbsp;&nbsp;&nbsp;NVIC_SetPriority
</UL>
<BR>[Called By]<UL><LI><a href="#[39]">&gt;&gt;</a>&nbsp;&nbsp;&nbsp;HAL_InitTick
</UL>

<P><STRONG><a name="[3f]"></a>HAL_RCC_ClockConfig</STRONG> (Thumb, 344 bytes, Stack size 24 bytes, stm32l0xx_hal_rcc.o(i.HAL_RCC_ClockConfig))
<BR><BR>[Stack]<UL><LI>Max Depth = 52<LI>Call Chain = HAL_RCC_ClockConfig &rArr; HAL_InitTick &rArr; __aeabi_uidivmod
</UL>
<BR>[Calls]<UL><LI><a href="#[2c]">&gt;&gt;</a>&nbsp;&nbsp;&nbsp;HAL_GetTick
<LI><a href="#[40]">&gt;&gt;</a>&nbsp;&nbsp;&nbsp;HAL_RCC_GetSysClockFreq
<LI><a href="#[39]">&gt;&gt;</a>&nbsp;&nbsp;&nbsp;HAL_InitTick
</UL>
<BR>[Called By]<UL><LI><a href="#[48]">&gt;&gt;</a>&nbsp;&nbsp;&nbsp;SystemClock_Config
</UL>

<P><STRONG><a name="[40]"></a>HAL_RCC_GetSysClockFreq</STRONG> (Thumb, 100 bytes, Stack size 8 bytes, stm32l0xx_hal_rcc.o(i.HAL_RCC_GetSysClockFreq))
<BR><BR>[Stack]<UL><LI>Max Depth = 20<LI>Call Chain = HAL_RCC_GetSysClockFreq &rArr; __aeabi_uidivmod
</UL>
<BR>[Calls]<UL><LI><a href="#[3b]">&gt;&gt;</a>&nbsp;&nbsp;&nbsp;__aeabi_uidivmod
</UL>
<BR>[Called By]<UL><LI><a href="#[41]">&gt;&gt;</a>&nbsp;&nbsp;&nbsp;HAL_RCC_OscConfig
<LI><a href="#[3f]">&gt;&gt;</a>&nbsp;&nbsp;&nbsp;HAL_RCC_ClockConfig
</UL>

<P><STRONG><a name="[41]"></a>HAL_RCC_OscConfig</STRONG> (Thumb, 1158 bytes, Stack size 32 bytes, stm32l0xx_hal_rcc.o(i.HAL_RCC_OscConfig))
<BR><BR>[Stack]<UL><LI>Max Depth = 60<LI>Call Chain = HAL_RCC_OscConfig &rArr; HAL_InitTick &rArr; __aeabi_uidivmod
</UL>
<BR>[Calls]<UL><LI><a href="#[2c]">&gt;&gt;</a>&nbsp;&nbsp;&nbsp;HAL_GetTick
<LI><a href="#[40]">&gt;&gt;</a>&nbsp;&nbsp;&nbsp;HAL_RCC_GetSysClockFreq
<LI><a href="#[39]">&gt;&gt;</a>&nbsp;&nbsp;&nbsp;HAL_InitTick
</UL>
<BR>[Called By]<UL><LI><a href="#[48]">&gt;&gt;</a>&nbsp;&nbsp;&nbsp;SystemClock_Config
</UL>

<P><STRONG><a name="[3c]"></a>HAL_SYSTICK_Config</STRONG> (Thumb, 38 bytes, Stack size 8 bytes, stm32l0xx_hal_cortex.o(i.HAL_SYSTICK_Config))
<BR><BR>[Stack]<UL><LI>Max Depth = 8<LI>Call Chain = HAL_SYSTICK_Config
</UL>
<BR>[Calls]<UL><LI><a href="#[3e]">&gt;&gt;</a>&nbsp;&nbsp;&nbsp;NVIC_SetPriority
</UL>
<BR>[Called By]<UL><LI><a href="#[39]">&gt;&gt;</a>&nbsp;&nbsp;&nbsp;HAL_InitTick
</UL>

<P><STRONG><a name="[2]"></a>HardFault_Handler</STRONG> (Thumb, 2 bytes, Stack size 0 bytes, stm32l0xx_it.o(i.HardFault_Handler))
<BR><BR>[Calls]<UL><LI><a href="#[2]">&gt;&gt;</a>&nbsp;&nbsp;&nbsp;HardFault_Handler
</UL>
<BR>[Called By]<UL><LI><a href="#[2]">&gt;&gt;</a>&nbsp;&nbsp;&nbsp;HardFault_Handler
</UL>
<BR>[Address Reference Count : 1]<UL><LI> startup_stm32l053xx.o(RESET)
</UL>
<P><STRONG><a name="[1]"></a>NMI_Handler</STRONG> (Thumb, 2 bytes, Stack size 0 bytes, stm32l0xx_it.o(i.NMI_Handler))
<BR>[Address Reference Count : 1]<UL><LI> startup_stm32l053xx.o(RESET)
</UL>
<P><STRONG><a name="[4]"></a>PendSV_Handler</STRONG> (Thumb, 2 bytes, Stack size 0 bytes, stm32l0xx_it.o(i.PendSV_Handler))
<BR>[Address Reference Count : 1]<UL><LI> startup_stm32l053xx.o(RESET)
</UL>
<P><STRONG><a name="[3]"></a>SVC_Handler</STRONG> (Thumb, 2 bytes, Stack size 0 bytes, stm32l0xx_it.o(i.SVC_Handler))
<BR>[Address Reference Count : 1]<UL><LI> startup_stm32l053xx.o(RESET)
</UL>
<P><STRONG><a name="[5]"></a>SysTick_Handler</STRONG> (Thumb, 8 bytes, Stack size 8 bytes, stm32l0xx_it.o(i.SysTick_Handler))
<BR><BR>[Stack]<UL><LI>Max Depth = 8<LI>Call Chain = SysTick_Handler
</UL>
<BR>[Calls]<UL><LI><a href="#[47]">&gt;&gt;</a>&nbsp;&nbsp;&nbsp;HAL_IncTick
</UL>
<BR>[Address Reference Count : 1]<UL><LI> startup_stm32l053xx.o(RESET)
</UL>
<P><STRONG><a name="[48]"></a>SystemClock_Config</STRONG> (Thumb, 94 bytes, Stack size 88 bytes, main.o(i.SystemClock_Config))
<BR><BR>[Stack]<UL><LI>Max Depth = 148<LI>Call Chain = SystemClock_Config &rArr; HAL_RCC_OscConfig &rArr; HAL_InitTick &rArr; __aeabi_uidivmod
</UL>
<BR>[Calls]<UL><LI><a href="#[41]">&gt;&gt;</a>&nbsp;&nbsp;&nbsp;HAL_RCC_OscConfig
<LI><a href="#[3f]">&gt;&gt;</a>&nbsp;&nbsp;&nbsp;HAL_RCC_ClockConfig
<LI><a href="#[36]">&gt;&gt;</a>&nbsp;&nbsp;&nbsp;__aeabi_memclr4
</UL>
<BR>[Called By]<UL><LI><a href="#[21]">&gt;&gt;</a>&nbsp;&nbsp;&nbsp;main
</UL>

<P><STRONG><a name="[22]"></a>SystemInit</STRONG> (Thumb, 66 bytes, Stack size 0 bytes, system_stm32l0xx.o(i.SystemInit))
<BR>[Address Reference Count : 1]<UL><LI> startup_stm32l053xx.o(.text)
</UL>
<P><STRONG><a name="[49]"></a>__0sprintf$1</STRONG> (Thumb, 36 bytes, Stack size 24 bytes, printf1.o(i.__0sprintf$1), UNUSED)
<BR><BR>[Calls]<UL><LI><a href="#[24]">&gt;&gt;</a>&nbsp;&nbsp;&nbsp;_sputc
<LI><a href="#[4a]">&gt;&gt;</a>&nbsp;&nbsp;&nbsp;_printf_core
</UL>

<P><STRONG><a name="[62]"></a>__1sprintf$1</STRONG> (Thumb, 0 bytes, Stack size 24 bytes, printf1.o(i.__0sprintf$1), UNUSED)

<P><STRONG><a name="[55]"></a>__2sprintf</STRONG> (Thumb, 0 bytes, Stack size 24 bytes, printf1.o(i.__0sprintf$1))
<BR><BR>[Stack]<UL><LI>Max Depth = 24<LI>Call Chain = __2sprintf
</UL>
<BR>[Called By]<UL><LI><a href="#[21]">&gt;&gt;</a>&nbsp;&nbsp;&nbsp;main
</UL>

<P><STRONG><a name="[63]"></a>__scatterload_copy</STRONG> (Thumb, 14 bytes, Stack size unknown bytes, handlers.o(i.__scatterload_copy), UNUSED)

<P><STRONG><a name="[64]"></a>__scatterload_null</STRONG> (Thumb, 2 bytes, Stack size unknown bytes, handlers.o(i.__scatterload_null), UNUSED)

<P><STRONG><a name="[65]"></a>__scatterload_zeroinit</STRONG> (Thumb, 14 bytes, Stack size unknown bytes, handlers.o(i.__scatterload_zeroinit), UNUSED)

<P><STRONG><a name="[56]"></a>bcd2dec</STRONG> (Thumb, 16 bytes, Stack size 0 bytes, main.o(i.bcd2dec))
<BR><BR>[Called By]<UL><LI><a href="#[54]">&gt;&gt;</a>&nbsp;&nbsp;&nbsp;read_time
</UL>

<P><STRONG><a name="[4b]"></a>lcd_clear</STRONG> (Thumb, 12 bytes, Stack size 8 bytes, main.o(i.lcd_clear))
<BR><BR>[Stack]<UL><LI>Max Depth = 40<LI>Call Chain = lcd_clear &rArr; lcd_write &rArr; lcd_nop &rArr; HAL_Delay
</UL>
<BR>[Calls]<UL><LI><a href="#[4c]">&gt;&gt;</a>&nbsp;&nbsp;&nbsp;lcd_write
</UL>
<BR>[Called By]<UL><LI><a href="#[21]">&gt;&gt;</a>&nbsp;&nbsp;&nbsp;main
<LI><a href="#[4f]">&gt;&gt;</a>&nbsp;&nbsp;&nbsp;lcd_init
</UL>

<P><STRONG><a name="[4d]"></a>lcd_data</STRONG> (Thumb, 54 bytes, Stack size 16 bytes, main.o(i.lcd_data))
<BR><BR>[Stack]<UL><LI>Max Depth = 16<LI>Call Chain = lcd_data
</UL>
<BR>[Calls]<UL><LI><a href="#[4e]">&gt;&gt;</a>&nbsp;&nbsp;&nbsp;HAL_GPIO_WritePin
</UL>
<BR>[Called By]<UL><LI><a href="#[4c]">&gt;&gt;</a>&nbsp;&nbsp;&nbsp;lcd_write
<LI><a href="#[4f]">&gt;&gt;</a>&nbsp;&nbsp;&nbsp;lcd_init
</UL>

<P><STRONG><a name="[4f]"></a>lcd_init</STRONG> (Thumb, 116 bytes, Stack size 8 bytes, main.o(i.lcd_init))
<BR><BR>[Stack]<UL><LI>Max Depth = 48<LI>Call Chain = lcd_init &rArr; lcd_clear &rArr; lcd_write &rArr; lcd_nop &rArr; HAL_Delay
</UL>
<BR>[Calls]<UL><LI><a href="#[4e]">&gt;&gt;</a>&nbsp;&nbsp;&nbsp;HAL_GPIO_WritePin
<LI><a href="#[2b]">&gt;&gt;</a>&nbsp;&nbsp;&nbsp;HAL_Delay
<LI><a href="#[4c]">&gt;&gt;</a>&nbsp;&nbsp;&nbsp;lcd_write
<LI><a href="#[50]">&gt;&gt;</a>&nbsp;&nbsp;&nbsp;lcd_nop
<LI><a href="#[4d]">&gt;&gt;</a>&nbsp;&nbsp;&nbsp;lcd_data
<LI><a href="#[4b]">&gt;&gt;</a>&nbsp;&nbsp;&nbsp;lcd_clear
</UL>
<BR>[Called By]<UL><LI><a href="#[21]">&gt;&gt;</a>&nbsp;&nbsp;&nbsp;main
</UL>

<P><STRONG><a name="[50]"></a>lcd_nop</STRONG> (Thumb, 38 bytes, Stack size 8 bytes, main.o(i.lcd_nop))
<BR><BR>[Stack]<UL><LI>Max Depth = 24<LI>Call Chain = lcd_nop &rArr; HAL_Delay
</UL>
<BR>[Calls]<UL><LI><a href="#[4e]">&gt;&gt;</a>&nbsp;&nbsp;&nbsp;HAL_GPIO_WritePin
<LI><a href="#[2b]">&gt;&gt;</a>&nbsp;&nbsp;&nbsp;HAL_Delay
</UL>
<BR>[Called By]<UL><LI><a href="#[4c]">&gt;&gt;</a>&nbsp;&nbsp;&nbsp;lcd_write
<LI><a href="#[4f]">&gt;&gt;</a>&nbsp;&nbsp;&nbsp;lcd_init
</UL>

<P><STRONG><a name="[51]"></a>lcd_print</STRONG> (Thumb, 24 bytes, Stack size 16 bytes, main.o(i.lcd_print))
<BR><BR>[Stack]<UL><LI>Max Depth = 48<LI>Call Chain = lcd_print &rArr; lcd_write &rArr; lcd_nop &rArr; HAL_Delay
</UL>
<BR>[Calls]<UL><LI><a href="#[4c]">&gt;&gt;</a>&nbsp;&nbsp;&nbsp;lcd_write
</UL>
<BR>[Called By]<UL><LI><a href="#[21]">&gt;&gt;</a>&nbsp;&nbsp;&nbsp;main
</UL>

<P><STRONG><a name="[52]"></a>lcd_set_cursor</STRONG> (Thumb, 24 bytes, Stack size 8 bytes, main.o(i.lcd_set_cursor))
<BR><BR>[Stack]<UL><LI>Max Depth = 40<LI>Call Chain = lcd_set_cursor &rArr; lcd_write &rArr; lcd_nop &rArr; HAL_Delay
</UL>
<BR>[Calls]<UL><LI><a href="#[4c]">&gt;&gt;</a>&nbsp;&nbsp;&nbsp;lcd_write
</UL>
<BR>[Called By]<UL><LI><a href="#[21]">&gt;&gt;</a>&nbsp;&nbsp;&nbsp;main
</UL>

<P><STRONG><a name="[4c]"></a>lcd_write</STRONG> (Thumb, 40 bytes, Stack size 8 bytes, main.o(i.lcd_write))
<BR><BR>[Stack]<UL><LI>Max Depth = 32<LI>Call Chain = lcd_write &rArr; lcd_nop &rArr; HAL_Delay
</UL>
<BR>[Calls]<UL><LI><a href="#[4e]">&gt;&gt;</a>&nbsp;&nbsp;&nbsp;HAL_GPIO_WritePin
<LI><a href="#[50]">&gt;&gt;</a>&nbsp;&nbsp;&nbsp;lcd_nop
<LI><a href="#[4d]">&gt;&gt;</a>&nbsp;&nbsp;&nbsp;lcd_data
</UL>
<BR>[Called By]<UL><LI><a href="#[53]">&gt;&gt;</a>&nbsp;&nbsp;&nbsp;lcd_write_c
<LI><a href="#[52]">&gt;&gt;</a>&nbsp;&nbsp;&nbsp;lcd_set_cursor
<LI><a href="#[51]">&gt;&gt;</a>&nbsp;&nbsp;&nbsp;lcd_print
<LI><a href="#[4f]">&gt;&gt;</a>&nbsp;&nbsp;&nbsp;lcd_init
<LI><a href="#[4b]">&gt;&gt;</a>&nbsp;&nbsp;&nbsp;lcd_clear
</UL>

<P><STRONG><a name="[53]"></a>lcd_write_c</STRONG> (Thumb, 12 bytes, Stack size 8 bytes, main.o(i.lcd_write_c))
<BR><BR>[Stack]<UL><LI>Max Depth = 40<LI>Call Chain = lcd_write_c &rArr; lcd_write &rArr; lcd_nop &rArr; HAL_Delay
</UL>
<BR>[Calls]<UL><LI><a href="#[4c]">&gt;&gt;</a>&nbsp;&nbsp;&nbsp;lcd_write
</UL>
<BR>[Called By]<UL><LI><a href="#[21]">&gt;&gt;</a>&nbsp;&nbsp;&nbsp;main
</UL>

<P><STRONG><a name="[21]"></a>main</STRONG> (Thumb, 332 bytes, Stack size 40 bytes, main.o(i.main))
<BR><BR>[Stack]<UL><LI>Max Depth = 192<LI>Call Chain = main &rArr; read_time &rArr; HAL_I2C_Master_Receive &rArr; I2C_WaitOnRXNEFlagUntilTimeout &rArr; I2C_IsAcknowledgeFailed
</UL>
<BR>[Calls]<UL><LI><a href="#[38]">&gt;&gt;</a>&nbsp;&nbsp;&nbsp;HAL_Init
<LI><a href="#[4e]">&gt;&gt;</a>&nbsp;&nbsp;&nbsp;HAL_GPIO_WritePin
<LI><a href="#[37]">&gt;&gt;</a>&nbsp;&nbsp;&nbsp;HAL_GPIO_Init
<LI><a href="#[2b]">&gt;&gt;</a>&nbsp;&nbsp;&nbsp;HAL_Delay
<LI><a href="#[54]">&gt;&gt;</a>&nbsp;&nbsp;&nbsp;read_time
<LI><a href="#[53]">&gt;&gt;</a>&nbsp;&nbsp;&nbsp;lcd_write_c
<LI><a href="#[52]">&gt;&gt;</a>&nbsp;&nbsp;&nbsp;lcd_set_cursor
<LI><a href="#[51]">&gt;&gt;</a>&nbsp;&nbsp;&nbsp;lcd_print
<LI><a href="#[4f]">&gt;&gt;</a>&nbsp;&nbsp;&nbsp;lcd_init
<LI><a href="#[4b]">&gt;&gt;</a>&nbsp;&nbsp;&nbsp;lcd_clear
<LI><a href="#[48]">&gt;&gt;</a>&nbsp;&nbsp;&nbsp;SystemClock_Config
<LI><a href="#[44]">&gt;&gt;</a>&nbsp;&nbsp;&nbsp;MX_I2C2_Init
<LI><a href="#[55]">&gt;&gt;</a>&nbsp;&nbsp;&nbsp;__2sprintf
<LI><a href="#[36]">&gt;&gt;</a>&nbsp;&nbsp;&nbsp;__aeabi_memclr4
</UL>
<BR>[Address Reference Count : 1]<UL><LI> entry9a.o(.ARM.Collect$$$$0000000B)
</UL>
<P><STRONG><a name="[54]"></a>read_time</STRONG> (Thumb, 146 bytes, Stack size 48 bytes, main.o(i.read_time))
<BR><BR>[Stack]<UL><LI>Max Depth = 152<LI>Call Chain = read_time &rArr; HAL_I2C_Master_Receive &rArr; I2C_WaitOnRXNEFlagUntilTimeout &rArr; I2C_IsAcknowledgeFailed
</UL>
<BR>[Calls]<UL><LI><a href="#[34]">&gt;&gt;</a>&nbsp;&nbsp;&nbsp;HAL_I2C_Master_Transmit
<LI><a href="#[2f]">&gt;&gt;</a>&nbsp;&nbsp;&nbsp;HAL_I2C_Master_Receive
<LI><a href="#[2b]">&gt;&gt;</a>&nbsp;&nbsp;&nbsp;HAL_Delay
<LI><a href="#[56]">&gt;&gt;</a>&nbsp;&nbsp;&nbsp;bcd2dec
</UL>
<BR>[Called By]<UL><LI><a href="#[21]">&gt;&gt;</a>&nbsp;&nbsp;&nbsp;main
</UL>
<P>
<H3>
Local Symbols
</H3>
<P><STRONG><a name="[44]"></a>MX_I2C2_Init</STRONG> (Thumb, 52 bytes, Stack size 8 bytes, main.o(i.MX_I2C2_Init))
<BR><BR>[Stack]<UL><LI>Max Depth = 80<LI>Call Chain = MX_I2C2_Init &rArr; HAL_I2C_Init &rArr; HAL_I2C_MspInit &rArr; HAL_GPIO_Init
</UL>
<BR>[Calls]<UL><LI><a href="#[2d]">&gt;&gt;</a>&nbsp;&nbsp;&nbsp;HAL_I2C_Init
<LI><a href="#[46]">&gt;&gt;</a>&nbsp;&nbsp;&nbsp;HAL_I2CEx_ConfigDigitalFilter
<LI><a href="#[45]">&gt;&gt;</a>&nbsp;&nbsp;&nbsp;HAL_I2CEx_ConfigAnalogFilter
</UL>
<BR>[Called By]<UL><LI><a href="#[21]">&gt;&gt;</a>&nbsp;&nbsp;&nbsp;main
</UL>

<P><STRONG><a name="[43]"></a>I2C_Flush_TXDR</STRONG> (Thumb, 34 bytes, Stack size 0 bytes, stm32l0xx_hal_i2c.o(i.I2C_Flush_TXDR))
<BR><BR>[Called By]<UL><LI><a href="#[42]">&gt;&gt;</a>&nbsp;&nbsp;&nbsp;I2C_IsAcknowledgeFailed
</UL>

<P><STRONG><a name="[42]"></a>I2C_IsAcknowledgeFailed</STRONG> (Thumb, 108 bytes, Stack size 32 bytes, stm32l0xx_hal_i2c.o(i.I2C_IsAcknowledgeFailed))
<BR><BR>[Stack]<UL><LI>Max Depth = 32<LI>Call Chain = I2C_IsAcknowledgeFailed
</UL>
<BR>[Calls]<UL><LI><a href="#[2c]">&gt;&gt;</a>&nbsp;&nbsp;&nbsp;HAL_GetTick
<LI><a href="#[43]">&gt;&gt;</a>&nbsp;&nbsp;&nbsp;I2C_Flush_TXDR
</UL>
<BR>[Called By]<UL><LI><a href="#[35]">&gt;&gt;</a>&nbsp;&nbsp;&nbsp;I2C_WaitOnTXISFlagUntilTimeout
<LI><a href="#[33]">&gt;&gt;</a>&nbsp;&nbsp;&nbsp;I2C_WaitOnSTOPFlagUntilTimeout
<LI><a href="#[32]">&gt;&gt;</a>&nbsp;&nbsp;&nbsp;I2C_WaitOnRXNEFlagUntilTimeout
</UL>

<P><STRONG><a name="[31]"></a>I2C_TransferConfig</STRONG> (Thumb, 34 bytes, Stack size 20 bytes, stm32l0xx_hal_i2c.o(i.I2C_TransferConfig))
<BR><BR>[Stack]<UL><LI>Max Depth = 20<LI>Call Chain = I2C_TransferConfig
</UL>
<BR>[Called By]<UL><LI><a href="#[34]">&gt;&gt;</a>&nbsp;&nbsp;&nbsp;HAL_I2C_Master_Transmit
<LI><a href="#[2f]">&gt;&gt;</a>&nbsp;&nbsp;&nbsp;HAL_I2C_Master_Receive
</UL>

<P><STRONG><a name="[30]"></a>I2C_WaitOnFlagUntilTimeout</STRONG> (Thumb, 78 bytes, Stack size 24 bytes, stm32l0xx_hal_i2c.o(i.I2C_WaitOnFlagUntilTimeout))
<BR><BR>[Stack]<UL><LI>Max Depth = 24<LI>Call Chain = I2C_WaitOnFlagUntilTimeout
</UL>
<BR>[Calls]<UL><LI><a href="#[2c]">&gt;&gt;</a>&nbsp;&nbsp;&nbsp;HAL_GetTick
</UL>
<BR>[Called By]<UL><LI><a href="#[34]">&gt;&gt;</a>&nbsp;&nbsp;&nbsp;HAL_I2C_Master_Transmit
<LI><a href="#[2f]">&gt;&gt;</a>&nbsp;&nbsp;&nbsp;HAL_I2C_Master_Receive
</UL>

<P><STRONG><a name="[32]"></a>I2C_WaitOnRXNEFlagUntilTimeout</STRONG> (Thumb, 122 bytes, Stack size 32 bytes, stm32l0xx_hal_i2c.o(i.I2C_WaitOnRXNEFlagUntilTimeout))
<BR><BR>[Stack]<UL><LI>Max Depth = 64<LI>Call Chain = I2C_WaitOnRXNEFlagUntilTimeout &rArr; I2C_IsAcknowledgeFailed
</UL>
<BR>[Calls]<UL><LI><a href="#[2c]">&gt;&gt;</a>&nbsp;&nbsp;&nbsp;HAL_GetTick
<LI><a href="#[42]">&gt;&gt;</a>&nbsp;&nbsp;&nbsp;I2C_IsAcknowledgeFailed
</UL>
<BR>[Called By]<UL><LI><a href="#[2f]">&gt;&gt;</a>&nbsp;&nbsp;&nbsp;HAL_I2C_Master_Receive
</UL>

<P><STRONG><a name="[33]"></a>I2C_WaitOnSTOPFlagUntilTimeout</STRONG> (Thumb, 76 bytes, Stack size 16 bytes, stm32l0xx_hal_i2c.o(i.I2C_WaitOnSTOPFlagUntilTimeout))
<BR><BR>[Stack]<UL><LI>Max Depth = 48<LI>Call Chain = I2C_WaitOnSTOPFlagUntilTimeout &rArr; I2C_IsAcknowledgeFailed
</UL>
<BR>[Calls]<UL><LI><a href="#[2c]">&gt;&gt;</a>&nbsp;&nbsp;&nbsp;HAL_GetTick
<LI><a href="#[42]">&gt;&gt;</a>&nbsp;&nbsp;&nbsp;I2C_IsAcknowledgeFailed
</UL>
<BR>[Called By]<UL><LI><a href="#[34]">&gt;&gt;</a>&nbsp;&nbsp;&nbsp;HAL_I2C_Master_Transmit
<LI><a href="#[2f]">&gt;&gt;</a>&nbsp;&nbsp;&nbsp;HAL_I2C_Master_Receive
</UL>

<P><STRONG><a name="[35]"></a>I2C_WaitOnTXISFlagUntilTimeout</STRONG> (Thumb, 80 bytes, Stack size 16 bytes, stm32l0xx_hal_i2c.o(i.I2C_WaitOnTXISFlagUntilTimeout))
<BR><BR>[Stack]<UL><LI>Max Depth = 48<LI>Call Chain = I2C_WaitOnTXISFlagUntilTimeout &rArr; I2C_IsAcknowledgeFailed
</UL>
<BR>[Calls]<UL><LI><a href="#[2c]">&gt;&gt;</a>&nbsp;&nbsp;&nbsp;HAL_GetTick
<LI><a href="#[42]">&gt;&gt;</a>&nbsp;&nbsp;&nbsp;I2C_IsAcknowledgeFailed
</UL>
<BR>[Called By]<UL><LI><a href="#[34]">&gt;&gt;</a>&nbsp;&nbsp;&nbsp;HAL_I2C_Master_Transmit
</UL>

<P><STRONG><a name="[3e]"></a>NVIC_SetPriority</STRONG> (Thumb, 60 bytes, Stack size 0 bytes, stm32l0xx_hal_cortex.o(i.NVIC_SetPriority))
<BR><BR>[Called By]<UL><LI><a href="#[3c]">&gt;&gt;</a>&nbsp;&nbsp;&nbsp;HAL_SYSTICK_Config
<LI><a href="#[3d]">&gt;&gt;</a>&nbsp;&nbsp;&nbsp;HAL_NVIC_SetPriority
</UL>

<P><STRONG><a name="[4a]"></a>_printf_core</STRONG> (Thumb, 332 bytes, Stack size 88 bytes, printf1.o(i._printf_core), UNUSED)
<BR><BR>[Calls]<UL><LI><a href="#[3b]">&gt;&gt;</a>&nbsp;&nbsp;&nbsp;__aeabi_uidivmod
</UL>
<BR>[Called By]<UL><LI><a href="#[49]">&gt;&gt;</a>&nbsp;&nbsp;&nbsp;__0sprintf$1
</UL>

<P><STRONG><a name="[24]"></a>_sputc</STRONG> (Thumb, 10 bytes, Stack size 0 bytes, printf1.o(i._sputc))
<BR><BR>[Called By]<UL><LI><a href="#[49]">&gt;&gt;</a>&nbsp;&nbsp;&nbsp;__0sprintf$1
</UL>
<BR>[Address Reference Count : 1]<UL><LI> printf1.o(i.__0sprintf$1)
</UL><P>
<H3>
Undefined Global Symbols
</H3><HR></body></html>
