Component: ARM Compiler 5.06 update 6 (build 750) Tool: armlink [4d35ed]

==============================================================================

Section Cross References

    startup_stm32l053xx.o(RESET) refers to startup_stm32l053xx.o(STACK) for __initial_sp
    startup_stm32l053xx.o(RESET) refers to startup_stm32l053xx.o(.text) for Reset_Handler
    startup_stm32l053xx.o(RESET) refers to stm32l0xx_it.o(i.NMI_Handler) for NMI_Handler
    startup_stm32l053xx.o(RESET) refers to stm32l0xx_it.o(i.HardFault_Handler) for HardFault_Handler
    startup_stm32l053xx.o(RESET) refers to port.o(i.SVC_Handler) for SVC_Handler
    startup_stm32l053xx.o(RESET) refers to port.o(.emb_text) for PendSV_Handler
    startup_stm32l053xx.o(RESET) refers to stm32l0xx_it.o(i.SysTick_Handler) for SysTick_Handler
    startup_stm32l053xx.o(RESET) refers to stm32l0xx_it.o(i.EXTI0_1_IRQHandler) for EXTI0_1_IRQHandler
    startup_stm32l053xx.o(RESET) refers to stm32l0xx_it.o(i.DMA1_Channel1_IRQHandler) for DMA1_Channel1_IRQHandler
    startup_stm32l053xx.o(RESET) refers to stm32l0xx_it.o(i.TIM2_IRQHandler) for TIM2_IRQHandler
    startup_stm32l053xx.o(.text) refers to system_stm32l0xx.o(i.SystemInit) for SystemInit
    startup_stm32l053xx.o(.text) refers to entry.o(.ARM.Collect$$$$00000000) for __main
    main.o(i.DotMatrixTask) refers to main.o(i.showTextRTOS) for showTextRTOS
    main.o(i.HAL_GPIO_EXTI_Callback) refers to stm32l0xx_hal_gpio.o(i.HAL_GPIO_ReadPin) for HAL_GPIO_ReadPin
    main.o(i.HAL_GPIO_EXTI_Callback) refers to stm32l0xx_hal_gpio.o(i.HAL_GPIO_WritePin) for HAL_GPIO_WritePin
    main.o(i.HAL_GPIO_EXTI_Callback) refers to main.o(.data) for .data
    main.o(i.HAL_TIM_PeriodElapsedCallback) refers to main.o(i.scan_dotmatrix2) for scan_dotmatrix2
    main.o(i.HAL_TIM_PeriodElapsedCallback) refers to main.o(.data) for .data
    main.o(i.LCDTask) refers to stm32l0xx_hal_gpio.o(i.HAL_GPIO_ReadPin) for HAL_GPIO_ReadPin
    main.o(i.LCDTask) refers to cmsis_os.o(i.osDelay) for osDelay
    main.o(i.LCDTask) refers to main.o(i.lcd_clear) for lcd_clear
    main.o(i.LCDTask) refers to main.o(i.read_time) for read_time
    main.o(i.LCDTask) refers to printf6.o(i.__0sprintf$6) for __2sprintf
    main.o(i.LCDTask) refers to main.o(i.lcd_set_cursor) for lcd_set_cursor
    main.o(i.LCDTask) refers to main.o(i.lcd_print) for lcd_print
    main.o(i.LCDTask) refers to main.o(.data) for .data
    main.o(i.MX_ADC_Init) refers to stm32l0xx_hal_adc.o(i.HAL_ADC_Init) for HAL_ADC_Init
    main.o(i.MX_ADC_Init) refers to stm32l0xx_hal_adc.o(i.HAL_ADC_ConfigChannel) for HAL_ADC_ConfigChannel
    main.o(i.MX_ADC_Init) refers to main.o(.bss) for .bss
    main.o(i.MX_GPIO_Init) refers to memseta.o(.text) for __aeabi_memclr4
    main.o(i.MX_GPIO_Init) refers to stm32l0xx_hal_gpio.o(i.HAL_GPIO_WritePin) for HAL_GPIO_WritePin
    main.o(i.MX_GPIO_Init) refers to stm32l0xx_hal_gpio.o(i.HAL_GPIO_Init) for HAL_GPIO_Init
    main.o(i.MX_GPIO_Init) refers to stm32l0xx_hal_cortex.o(i.HAL_NVIC_SetPriority) for HAL_NVIC_SetPriority
    main.o(i.MX_GPIO_Init) refers to stm32l0xx_hal_cortex.o(i.HAL_NVIC_EnableIRQ) for HAL_NVIC_EnableIRQ
    main.o(i.MX_I2C2_Init) refers to stm32l0xx_hal_i2c.o(i.HAL_I2C_Init) for HAL_I2C_Init
    main.o(i.MX_I2C2_Init) refers to stm32l0xx_hal_i2c_ex.o(i.HAL_I2CEx_ConfigAnalogFilter) for HAL_I2CEx_ConfigAnalogFilter
    main.o(i.MX_I2C2_Init) refers to stm32l0xx_hal_i2c_ex.o(i.HAL_I2CEx_ConfigDigitalFilter) for HAL_I2CEx_ConfigDigitalFilter
    main.o(i.MX_I2C2_Init) refers to main.o(.bss) for .bss
    main.o(i.MX_TIM2_Init) refers to stm32l0xx_hal_tim.o(i.HAL_TIM_OC_Init) for HAL_TIM_OC_Init
    main.o(i.MX_TIM2_Init) refers to stm32l0xx_hal_tim_ex.o(i.HAL_TIMEx_MasterConfigSynchronization) for HAL_TIMEx_MasterConfigSynchronization
    main.o(i.MX_TIM2_Init) refers to stm32l0xx_hal_tim.o(i.HAL_TIM_OC_ConfigChannel) for HAL_TIM_OC_ConfigChannel
    main.o(i.MX_TIM2_Init) refers to main.o(.bss) for .bss
    main.o(i.SoundTask) refers to stm32l0xx_hal_gpio.o(i.HAL_GPIO_ReadPin) for HAL_GPIO_ReadPin
    main.o(i.SoundTask) refers to cmsis_os.o(i.osDelay) for osDelay
    main.o(i.SoundTask) refers to stm32l0xx_hal_gpio.o(i.HAL_GPIO_TogglePin) for HAL_GPIO_TogglePin
    main.o(i.SoundTask) refers to stm32l0xx_hal_gpio.o(i.HAL_GPIO_WritePin) for HAL_GPIO_WritePin
    main.o(i.StartDefaultTask) refers to cmsis_os.o(i.osDelay) for osDelay
    main.o(i.SystemClock_Config) refers to memseta.o(.text) for __aeabi_memclr4
    main.o(i.SystemClock_Config) refers to stm32l0xx_hal_rcc.o(i.HAL_RCC_OscConfig) for HAL_RCC_OscConfig
    main.o(i.SystemClock_Config) refers to stm32l0xx_hal_rcc.o(i.HAL_RCC_ClockConfig) for HAL_RCC_ClockConfig
    main.o(i.lcd_clear) refers to main.o(i.lcd_write) for lcd_write
    main.o(i.lcd_data) refers to stm32l0xx_hal_gpio.o(i.HAL_GPIO_WritePin) for HAL_GPIO_WritePin
    main.o(i.lcd_init) refers to stm32l0xx_hal_gpio.o(i.HAL_GPIO_WritePin) for HAL_GPIO_WritePin
[...]
    Removing queue.o(i.vQueueDelete), (22 bytes).
    Removing queue.o(i.vQueueUnregisterQueue), (40 bytes).
    Removing queue.o(i.xQueueCreateMutex), (36 bytes).
    Removing queue.o(i.xQueueGenericCreate), (62 bytes).
    Removing queue.o(i.xQueueGenericReset), (108 bytes).
    Removing queue.o(i.xQueueGenericSend), (280 bytes).
    Removing queue.o(i.xQueueGenericSendFromISR), (140 bytes).
    Removing queue.o(i.xQueueGiveFromISR), (116 bytes).
    Removing queue.o(i.xQueueIsQueueEmptyFromISR), (22 bytes).
    Removing queue.o(i.xQueueIsQueueFullFromISR), (24 bytes).
    Removing queue.o(i.xQueuePeek), (258 bytes).
    Removing queue.o(i.xQueuePeekFromISR), (76 bytes).
    Removing queue.o(i.xQueueReceive), (258 bytes).
    Removing queue.o(i.xQueueReceiveFromISR), (120 bytes).
    Removing queue.o(i.xQueueSemaphoreTake), (320 bytes).
    Removing queue.o(.bss), (64 bytes).
    Removing stream_buffer.o(i.prvBytesInBuffer), (18 bytes).
    Removing stream_buffer.o(i.prvInitialiseNewStreamBuffer), (56 bytes).
    Removing stream_buffer.o(i.prvReadBytesFromBuffer), (106 bytes).
    Removing stream_buffer.o(i.prvReadMessageFromBuffer), (66 bytes).
    Removing stream_buffer.o(i.prvWriteBytesToBuffer), (88 bytes).
    Removing stream_buffer.o(i.prvWriteMessageToBuffer), (62 bytes).
    Removing stream_buffer.o(i.vStreamBufferDelete), (30 bytes).
    Removing stream_buffer.o(i.xStreamBufferBytesAvailable), (16 bytes).
    Removing stream_buffer.o(i.xStreamBufferGenericCreate), (60 bytes).
    Removing stream_buffer.o(i.xStreamBufferIsEmpty), (24 bytes).
    Removing stream_buffer.o(i.xStreamBufferIsFull), (38 bytes).
    Removing stream_buffer.o(i.xStreamBufferReceive), (172 bytes).
    Removing stream_buffer.o(i.xStreamBufferReceiveCompletedFromISR), (58 bytes).
    Removing stream_buffer.o(i.xStreamBufferReceiveFromISR), (110 bytes).
    Removing stream_buffer.o(i.xStreamBufferReset), (52 bytes).
    Removing stream_buffer.o(i.xStreamBufferSend), (198 bytes).
    Removing stream_buffer.o(i.xStreamBufferSendCompletedFromISR), (58 bytes).
    Removing stream_buffer.o(i.xStreamBufferSendFromISR), (110 bytes).
    Removing stream_buffer.o(i.xStreamBufferSetTriggerLevel), (32 bytes).
    Removing stream_buffer.o(i.xStreamBufferSpacesAvailable), (28 bytes).
    Removing tasks.o(i.pcTaskGetName), (24 bytes).
    Removing tasks.o(i.prvTaskIsTaskSuspended), (44 bytes).
    Removing tasks.o(i.pvTaskIncrementMutexHeldCount), (24 bytes).
    Removing tasks.o(i.ulTaskNotifyTake), (96 bytes).
    Removing tasks.o(i.uxTaskGetNumberOfTasks), (12 bytes).
    Removing tasks.o(i.uxTaskPriorityGet), (32 bytes).
    Removing tasks.o(i.uxTaskPriorityGetFromISR), (32 bytes).
    Removing tasks.o(i.uxTaskResetEventItemValue), (24 bytes).
    Removing tasks.o(i.vTaskDelete), (120 bytes).
    Removing tasks.o(i.vTaskEndScheduler), (20 bytes).
    Removing tasks.o(i.vTaskInternalSetTimeOutState), (16 bytes).
    Removing tasks.o(i.vTaskMissedYield), (12 bytes).
    Removing tasks.o(i.vTaskNotifyGiveFromISR), (140 bytes).
    Removing tasks.o(i.vTaskPlaceOnEventList), (36 bytes).
    Removing tasks.o(i.vTaskPlaceOnUnorderedEventList), (60 bytes).
    Removing tasks.o(i.vTaskPriorityDisinheritAfterTimeout), (112 bytes).
    Removing tasks.o(i.vTaskPrioritySet), (148 bytes).
    Removing tasks.o(i.vTaskRemoveFromUnorderedEventList), (92 bytes).
    Removing tasks.o(i.vTaskResume), (92 bytes).
    Removing tasks.o(i.vTaskSetTimeOutState), (36 bytes).
    Removing tasks.o(i.vTaskSuspend), (136 bytes).
    Removing tasks.o(i.xTaskCheckForTimeOut), (92 bytes).
    Removing tasks.o(i.xTaskGenericNotify), (164 bytes).
    Removing tasks.o(i.xTaskGenericNotifyFromISR), (196 bytes).
    Removing tasks.o(i.xTaskGetCurrentTaskHandle), (12 bytes).
    Removing tasks.o(i.xTaskGetTickCount), (12 bytes).
    Removing tasks.o(i.xTaskGetTickCountFromISR), (12 bytes).
    Removing tasks.o(i.xTaskNotifyStateClear), (48 bytes).
    Removing tasks.o(i.xTaskNotifyWait), (124 bytes).
    Removing tasks.o(i.xTaskPriorityDisinherit), (104 bytes).
    Removing tasks.o(i.xTaskPriorityInherit), (120 bytes).
    Removing tasks.o(i.xTaskRemoveFromEventList), (100 bytes).
    Removing tasks.o(i.xTaskResumeFromISR), (108 bytes).
    Removing cmsis_os.o(.rev16_text), (4 bytes).
    Removing cmsis_os.o(.revsh_text), (4 bytes).
    Removing cmsis_os.o(i.inHandlerMode), (12 bytes).
    Removing cmsis_os.o(i.makeCmsisPriority), (14 bytes).
    Removing cmsis_os.o(i.osAbortDelay), (4 bytes).
    Removing cmsis_os.o(i.osDelayUntil), (4 bytes).
    Removing cmsis_os.o(i.osKernelRunning), (18 bytes).
    Removing cmsis_os.o(i.osKernelSysTick), (22 bytes).
    Removing cmsis_os.o(i.osMailAlloc), (14 bytes).
    Removing cmsis_os.o(i.osMailCAlloc), (32 bytes).
    Removing cmsis_os.o(i.osMailCreate), (92 bytes).
    Removing cmsis_os.o(i.osMailFree), (18 bytes).
    Removing cmsis_os.o(i.osMailGet), (136 bytes).
    Removing cmsis_os.o(i.osMailPut), (88 bytes).
    Removing cmsis_os.o(i.osMessageAvailableSpace), (8 bytes).
    Removing cmsis_os.o(i.osMessageCreate), (12 bytes).
    Removing cmsis_os.o(i.osMessageDelete), (26 bytes).
    Removing cmsis_os.o(i.osMessageGet), (140 bytes).
    Removing cmsis_os.o(i.osMessagePeek), (76 bytes).
    Removing cmsis_os.o(i.osMessagePut), (88 bytes).
    Removing cmsis_os.o(i.osMessageWaiting), (26 bytes).
    Removing cmsis_os.o(i.osMutexCreate), (10 bytes).
    Removing cmsis_os.o(i.osMutexDelete), (26 bytes).
    Removing cmsis_os.o(i.osMutexRelease), (76 bytes).
    Removing cmsis_os.o(i.osMutexWait), (100 bytes).
    Removing cmsis_os.o(i.osPoolAlloc), (100 bytes).
    Removing cmsis_os.o(i.osPoolCAlloc), (20 bytes).
    Removing cmsis_os.o(i.osPoolCreate), (94 bytes).
    Removing cmsis_os.o(i.osPoolFree), (48 bytes).
    Removing cmsis_os.o(i.osRecursiveMutexCreate), (4 bytes).
    Removing cmsis_os.o(i.osRecursiveMutexRelease), (4 bytes).
    Removing cmsis_os.o(i.osRecursiveMutexWait), (4 bytes).
    Removing cmsis_os.o(i.osSemaphoreCreate), (38 bytes).
    Removing cmsis_os.o(i.osSemaphoreDelete), (26 bytes).
    Removing cmsis_os.o(i.osSemaphoreGetCount), (8 bytes).
    Removing cmsis_os.o(i.osSemaphoreRelease), (76 bytes).
    Removing cmsis_os.o(i.osSemaphoreWait), (100 bytes).
    Removing cmsis_os.o(i.osSignalSet), (88 bytes).
    Removing cmsis_os.o(i.osSignalWait), (90 bytes).
    Removing cmsis_os.o(i.osThreadGetId), (8 bytes).
    Removing cmsis_os.o(i.osThreadGetPriority), (30 bytes).
    Removing cmsis_os.o(i.osThreadList), (4 bytes).
    Removing cmsis_os.o(i.osThreadResume), (44 bytes).
    Removing cmsis_os.o(i.osThreadResumeAll), (18 bytes).
    Removing cmsis_os.o(i.osThreadSetPriority), (22 bytes).
    Removing cmsis_os.o(i.osThreadSuspend), (10 bytes).
    Removing cmsis_os.o(i.osThreadSuspendAll), (10 bytes).
    Removing cmsis_os.o(i.osThreadTerminate), (10 bytes).
    Removing cmsis_os.o(i.osThreadYield), (10 bytes).
    Removing cmsis_os.o(i.osTimerCreate), (4 bytes).
    Removing cmsis_os.o(i.osTimerDelete), (4 bytes).
    Removing cmsis_os.o(i.osTimerStart), (4 bytes).
    Removing cmsis_os.o(i.osTimerStop), (4 bytes).
    Removing heap_4.o(i.vPortInitialiseBlocks), (2 bytes).
    Removing heap_4.o(i.xPortGetFreeHeapSize), (12 bytes).
    Removing heap_4.o(i.xPortGetMinimumEverFreeHeapSize), (12 bytes).
    Removing port.o(i.vPortEndScheduler), (24 bytes).
    Removing dadd.o(.text), (356 bytes).
    Removing dmul.o(.text), (208 bytes).
    Removing ddiv.o(.text), (240 bytes).
    Removing dfixul.o(.text), (64 bytes).
    Removing cdrcmple.o(.text), (40 bytes).
    Removing depilogue.o(.text), (190 bytes).
    Removing stm32l0xx_hal_tim.o(i.__ARM_common_switch8), (26 bytes).
    Removing depilogue.o(i.__ARM_clz), (46 bytes).

541 unused section(s) (total 36039 bytes) removed from the image.

==============================================================================

Image Symbol Table

    Local Symbols

    Symbol Name                              Value     Ov Type        Size  Object(Section)

    ../Drivers/STM32L0xx_HAL_Driver/Src/stm32l0xx_hal.c 0x00000000   Number         0  stm32l0xx_hal.o ABSOLUTE
    ../Drivers/STM32L0xx_HAL_Driver/Src/stm32l0xx_hal_adc.c 0x00000000   Number         0  stm32l0xx_hal_adc.o ABSOLUTE
    ../Drivers/STM32L0xx_HAL_Driver/Src/stm32l0xx_hal_adc_ex.c 0x00000000   Number         0  stm32l0xx_hal_adc_ex.o ABSOLUTE
    ../Drivers/STM32L0xx_HAL_Driver/Src/stm32l0xx_hal_cortex.c 0x00000000   Number         0  stm32l0xx_hal_cortex.o ABSOLUTE
    ../Drivers/STM32L0xx_HAL_Driver/Src/stm32l0xx_hal_dma.c 0x00000000   Number         0  stm32l0xx_hal_dma.o ABSOLUTE
    ../Drivers/STM32L0xx_HAL_Driver/Src/stm32l0xx_hal_flash.c 0x00000000   Number         0  stm32l0xx_hal_flash.o ABSOLUTE
    ../Drivers/STM32L0xx_HAL_Driver/Src/stm32l0xx_hal_flash_ex.c 0x00000000   Number         0  stm32l0xx_hal_flash_ex.o ABSOLUTE
    ../Drivers/STM32L0xx_HAL_Driver/Src/stm32l0xx_hal_flash_ramfunc.c 0x00000000   Number         0  stm32l0xx_hal_flash_ramfunc.o ABSOLUTE
    ../Drivers/STM32L0xx_HAL_Driver/Src/stm32l0xx_hal_gpio.c 0x00000000   Number         0  stm32l0xx_hal_gpio.o ABSOLUTE
    ../Drivers/STM32L0xx_HAL_Driver/Src/stm32l0xx_hal_i2c.c 0x00000000   Number         0  stm32l0xx_hal_i2c.o ABSOLUTE
    ../Drivers/STM32L0xx_HAL_Driver/Src/stm32l0xx_hal_i2c_ex.c 0x00000000   Number         0  stm32l0xx_hal_i2c_ex.o ABSOLUTE
    ../Drivers/STM32L0xx_HAL_Driver/Src/stm32l0xx_hal_pwr.c 0x00000000   Number         0  stm32l0xx_hal_pwr.o ABSOLUTE
    ../Drivers/STM32L0xx_HAL_Driver/Src/stm32l0xx_hal_pwr_ex.c 0x00000000   Number         0  stm32l0xx_hal_pwr_ex.o ABSOLUTE
    ../Drivers/STM32L0xx_HAL_Driver/Src/stm32l0xx_hal_rcc.c 0x00000000   Number         0  stm32l0xx_hal_rcc.o ABSOLUTE
    ../Drivers/STM32L0xx_HAL_Driver/Src/stm32l0xx_hal_rcc_ex.c 0x00000000   Number         0  stm32l0xx_hal_rcc_ex.o ABSOLUTE
    ../Drivers/STM32L0xx_HAL_Driver/Src/stm32l0xx_hal_tim.c 0x00000000   Number         0  stm32l0xx_hal_tim.o ABSOLUTE
    ../Drivers/STM32L0xx_HAL_Driver/Src/stm32l0xx_hal_tim_ex.c 0x00000000   Number         0  stm32l0xx_hal_tim_ex.o ABSOLUTE
    ../Middlewares/Third_Party/FreeRTOS/Source/CMSIS_RTOS/cmsis_os.c 0x00000000   Number         0  cmsis_os.o ABSOLUTE
    ../Middlewares/Third_Party/FreeRTOS/Source/croutine.c 0x00000000   Number         0  croutine.o ABSOLUTE
    ../Middlewares/Third_Party/FreeRTOS/Source/event_groups.c 0x00000000   Number         0  event_groups.o ABSOLUTE
    ../Middlewares/Third_Party/FreeRTOS/Source/list.c 0x00000000   Number         0  list.o ABSOLUTE
    ../Middlewares/Third_Party/FreeRTOS/Source/portable/MemMang/heap_4.c 0x00000000   Number         0  heap_4.o ABSOLUTE
    ../Middlewares/Third_Party/FreeRTOS/Source/portable/RVDS/ARM_CM0/port.c 0x00000000   Number         0  port.o ABSOLUTE
    ../Middlewares/Third_Party/FreeRTOS/Source/queue.c 0x00000000   Number         0  queue.o ABSOLUTE
    ../Middlewares/Third_Party/FreeRTOS/Source/stream_buffer.c 0x00000000   Number         0  stream_buffer.o ABSOLUTE
    ../Middlewares/Third_Party/FreeRTOS/Source/tasks.c 0x00000000   Number         0  tasks.o ABSOLUTE
    ../Middlewares/Third_Party/FreeRTOS/Source/timers.c 0x00000000   Number         0  timers.o ABSOLUTE
    ../Src/freertos.c                        0x00000000   Number         0  freertos.o ABSOLUTE
    ../Src/main.c                            0x00000000   Number         0  main.o ABSOLUTE
    ../Src/stm32l0xx_hal_msp.c               0x00000000   Number         0  stm32l0xx_hal_msp.o ABSOLUTE
    ../Src/stm32l0xx_it.c                    0x00000000   Number         0  stm32l0xx_it.o ABSOLUTE
    ../Src/system_stm32l0xx.c                0x00000000   Number         0  system_stm32l0xx.o ABSOLUTE
    ../clib/../cmprslib/zerorunl2.c          0x00000000   Number         0  __dczerorl2.o ABSOLUTE
    ../clib/microlib/division.c              0x00000000   Number         0  uldiv.o ABSOLUTE
    ../clib/microlib/division.c              0x00000000   Number         0  uidiv.o ABSOLUTE
    ../clib/microlib/init/entry.s            0x00000000   Number         0  entry11a.o ABSOLUTE
    ../clib/microlib/init/entry.s            0x00000000   Number         0  entry7b.o ABSOLUTE
    ../clib/microlib/init/entry.s            0x00000000   Number         0  entry5.o ABSOLUTE
    ../clib/microlib/init/entry.s            0x00000000   Number         0  entry9a.o ABSOLUTE
    ../clib/microlib/init/entry.s            0x00000000   Number         0  entry11b.o ABSOLUTE
    ../clib/microlib/init/entry.s            0x00000000   Number         0  entry8b.o ABSOLUTE
    ../clib/microlib/init/entry.s            0x00000000   Number         0  entry8a.o ABSOLUTE
    ../clib/microlib/init/entry.s            0x00000000   Number         0  entry7a.o ABSOLUTE
    ../clib/microlib/init/entry.s            0x00000000   Number         0  entry.o ABSOLUTE
    ../clib/microlib/init/entry.s            0x00000000   Number         0  entry2.o ABSOLUTE
    ../clib/microlib/init/entry.s            0x00000000   Number         0  entry9b.o ABSOLUTE
    ../clib/microlib/init/entry.s            0x00000000   Number         0  entry10b.o ABSOLUTE
    ../clib/microlib/init/entry.s            0x00000000   Number         0  entry10a.o ABSOLUTE
    ../clib/microlib/longlong.c              0x00000000   Number         0  llsshr.o ABSOLUTE
    ../clib/microlib/longlong.c              0x00000000   Number         0  llushr.o ABSOLUTE
    ../clib/microlib/longlong.c              0x00000000   Number         0  llshl.o ABSOLUTE
    ../clib/microlib/printf/printf.c         0x00000000   Number         0  printfb.o ABSOLUTE
    ../clib/microlib/printf/printf.c         0x00000000   Number         0  printf4.o ABSOLUTE
    ../clib/microlib/printf/printf.c         0x00000000   Number         0  printf1.o ABSOLUTE
    ../clib/microlib/printf/printf.c         0x00000000   Number         0  printf0.o ABSOLUTE
    ../clib/microlib/printf/printf.c         0x00000000   Number         0  printf2.o ABSOLUTE
    ../clib/microlib/printf/printf.c         0x00000000   Number         0  printf5.o ABSOLUTE
    ../clib/microlib/printf/printf.c         0x00000000   Number         0  printf6.o ABSOLUTE
    ../clib/microlib/printf/printf.c         0x00000000   Number         0  printf7.o ABSOLUTE
    ../clib/microlib/printf/printf.c         0x00000000   Number         0  printf8.o ABSOLUTE
    ../clib/microlib/printf/printf.c         0x00000000   Number         0  printfa.o ABSOLUTE
    ../clib/microlib/printf/printf.c         0x00000000   Number         0  printf3.o ABSOLUTE
    ../clib/microlib/printf/stubs.s          0x00000000   Number         0  stubs.o ABSOLUTE
    ../clib/microlib/stdio/fputc.c           0x00000000   Number         0  fputc.o ABSOLUTE
    ../clib/microlib/stdio/semi.s            0x00000000   Number         0  semi.o ABSOLUTE
    ../clib/microlib/stdio/streams.c         0x00000000   Number         0  stdout.o ABSOLUTE
    ../clib/microlib/string/memcpy.c         0x00000000   Number         0  memcpya.o ABSOLUTE
    ../clib/microlib/string/memcpy.c         0x00000000   Number         0  memcpyb.o ABSOLUTE
    ../clib/microlib/string/memset.c         0x00000000   Number         0  memset.o ABSOLUTE
    ../clib/microlib/string/memset.c         0x00000000   Number         0  memseta.o ABSOLUTE
    ../clib/microlib/string/strlen.c         0x00000000   Number         0  strlen.o ABSOLUTE
    ../clib/microlib/stubs.s                 0x00000000   Number         0  iusesemip.o ABSOLUTE
    ../clib/microlib/stubs.s                 0x00000000   Number         0  iusefp.o ABSOLUTE
    ../fplib/microlib/fpadd.c                0x00000000   Number         0  dadd.o ABSOLUTE
    ../fplib/microlib/fpdiv.c                0x00000000   Number         0  ddiv.o ABSOLUTE
    ../fplib/microlib/fpepilogue.c           0x00000000   Number         0  depilogue.o ABSOLUTE
    ../fplib/microlib/fpfix.c                0x00000000   Number         0  dfixul.o ABSOLUTE
    ../fplib/microlib/fpmul.c                0x00000000   Number         0  dmul.o ABSOLUTE
    ..\Drivers\STM32L0xx_HAL_Driver\Src\stm32l0xx_hal.c 0x00000000   Number         0  stm32l0xx_hal.o ABSOLUTE
    ..\Drivers\STM32L0xx_HAL_Driver\Src\stm32l0xx_hal_adc.c 0x00000000   Number         0  stm32l0xx_hal_adc.o ABSOLUTE
    ..\Drivers\STM32L0xx_HAL_Driver\Src\stm32l0xx_hal_adc_ex.c 0x00000000   Number         0  stm32l0xx_hal_adc_ex.o ABSOLUTE
    ..\Drivers\STM32L0xx_HAL_Driver\Src\stm32l0xx_hal_cortex.c 0x00000000   Number         0  stm32l0xx_hal_cortex.o ABSOLUTE
    ..\Drivers\STM32L0xx_HAL_Driver\Src\stm32l0xx_hal_dma.c 0x00000000   Number         0  stm32l0xx_hal_dma.o ABSOLUTE
    ..\Drivers\STM32L0xx_HAL_Driver\Src\stm32l0xx_hal_flash.c 0x00000000   Number         0  stm32l0xx_hal_flash.o ABSOLUTE
    ..\Drivers\STM32L0xx_HAL_Driver\Src\stm32l0xx_hal_flash_ex.c 0x00000000   Number         0  stm32l0xx_hal_flash_ex.o ABSOLUTE
    ..\Drivers\STM32L0xx_HAL_Driver\Src\stm32l0xx_hal_flash_ramfunc.c 0x00000000   Number         0  stm32l0xx_hal_flash_ramfunc.o ABSOLUTE
    ..\Drivers\STM32L0xx_HAL_Driver\Src\stm32l0xx_hal_gpio.c 0x00000000   Number         0  stm32l0xx_hal_gpio.o ABSOLUTE
    ..\Drivers\STM32L0xx_HAL_Driver\Src\stm32l0xx_hal_i2c.c 0x00000000   Number         0  stm32l0xx_hal_i2c.o ABSOLUTE
    ..\Drivers\STM32L0xx_HAL_Driver\Src\stm32l0xx_hal_i2c_ex.c 0x00000000   Number         0  stm32l0xx_hal_i2c_ex.o ABSOLUTE
    ..\Drivers\STM32L0xx_HAL_Driver\Src\stm32l0xx_hal_pwr.c 0x00000000   Number         0  stm32l0xx_hal_pwr.o ABSOLUTE
    ..\Drivers\STM32L0xx_HAL_Driver\Src\stm32l0xx_hal_pwr_ex.c 0x00000000   Number         0  stm32l0xx_hal_pwr_ex.o ABSOLUTE
    ..\Drivers\STM32L0xx_HAL_Driver\Src\stm32l0xx_hal_rcc.c 0x00000000   Number         0  stm32l0xx_hal_rcc.o ABSOLUTE
    ..\Drivers\STM32L0xx_HAL_Driver\Src\stm32l0xx_hal_rcc_ex.c 0x00000000   Number         0  stm32l0xx_hal_rcc_ex.o ABSOLUTE
    ..\Drivers\STM32L0xx_HAL_Driver\Src\stm32l0xx_hal_tim.c 0x00000000   Number         0  stm32l0xx_hal_tim.o ABSOLUTE
    ..\Drivers\STM32L0xx_HAL_Driver\Src\stm32l0xx_hal_tim_ex.c 0x00000000   Number         0  stm32l0xx_hal_tim_ex.o ABSOLUTE
    ..\Middlewares\Third_Party\FreeRTOS\Source\CMSIS_RTOS\cmsis_os.c 0x00000000   Number         0  cmsis_os.o ABSOLUTE
    ..\Middlewares\Third_Party\FreeRTOS\Source\portable\RVDS\ARM_CM0\port.c 0x00000000   Number         0  port.o ABSOLUTE
    ..\Src\freertos.c                        0x00000000   Number         0  freertos.o ABSOLUTE
    ..\Src\main.c                            0x00000000   Number         0  main.o ABSOLUTE
    ..\Src\stm32l0xx_hal_msp.c               0x00000000   Number         0  stm32l0xx_hal_msp.o ABSOLUTE
    ..\Src\stm32l0xx_it.c                    0x00000000   Number         0  stm32l0xx_it.o ABSOLUTE
    ..\Src\system_stm32l0xx.c                0x00000000   Number         0  system_stm32l0xx.o ABSOLUTE
    cdrcmple.s                               0x00000000   Number         0  cdrcmple.o ABSOLUTE
    dc.s                                     0x00000000   Number         0  dc.o ABSOLUTE
    handlers.s                               0x00000000   Number         0  handlers.o ABSOLUTE
    init.s                                   0x00000000   Number         0  init.o ABSOLUTE
    startup_stm32l053xx.s                    0x00000000   Number         0  startup_stm32l053xx.o ABSOLUTE
    RESET                                    0x08000000   Section      192  startup_stm32l053xx.o(RESET)
    .ARM.Collect$$$$00000000                 0x080000c0   Section        0  entry.o(.ARM.Collect$$$$00000000)
    .ARM.Collect$$$$00000001                 0x080000c0   Section        4  entry2.o(.ARM.Collect$$$$00000001)
    .ARM.Collect$$$$00000004                 0x080000c4   Section        4  entry5.o(.ARM.Collect$$$$00000004)
    .ARM.Collect$$$$00000008                 0x080000c8   Section        0  entry7b.o(.ARM.Collect$$$$00000008)
    .ARM.Collect$$$$0000000A                 0x080000c8   Section        0  entry8b.o(.ARM.Collect$$$$0000000A)
    .ARM.Collect$$$$0000000B                 0x080000c8   Section        8  entry9a.o(.ARM.Collect$$$$0000000B)
    .ARM.Collect$$$$0000000D                 0x080000d0   Section        0  entry10a.o(.ARM.Collect$$$$0000000D)
    .ARM.Collect$$$$0000000F                 0x080000d0   Section        0  entry11a.o(.ARM.Collect$$$$0000000F)
    .ARM.Collect$$$$00002712                 0x080000d0   Section        4  entry2.o(.ARM.Collect$$$$00002712)
    __lit__00000000                          0x080000d0   Data           4  entry2.o(.ARM.Collect$$$$00002712)
    .emb_text                                0x080000d4   Section      120  port.o(.emb_text)
    .text                                    0x0800014c   Section       28  startup_stm32l053xx.o(.text)
    .text                                    0x08000168   Section        0  uidiv.o(.text)
    .text                                    0x08000194   Section        0  memcpya.o(.text)
    .text                                    0x080001b8   Section        0  memseta.o(.text)
    .text                                    0x080001dc   Section        0  strlen.o(.text)
    .text                                    0x080001ec   Section       36  init.o(.text)
    .text                                    0x08000210   Section        0  __dczerorl2.o(.text)
    i.ADC_DMAConvCplt                        0x08000266   Section        0  stm32l0xx_hal_adc.o(i.ADC_DMAConvCplt)
    ADC_DMAConvCplt                          0x08000267   Thumb Code   110  stm32l0xx_hal_adc.o(i.ADC_DMAConvCplt)
    i.ADC_DMAError                           0x080002d4   Section        0  stm32l0xx_hal_adc.o(i.ADC_DMAError)
    ADC_DMAError                             0x080002d5   Thumb Code    26  stm32l0xx_hal_adc.o(i.ADC_DMAError)
    i.ADC_DMAHalfConvCplt                    0x080002ee   Section        0  stm32l0xx_hal_adc.o(i.ADC_DMAHalfConvCplt)
    ADC_DMAHalfConvCplt                      0x080002ef   Thumb Code    10  stm32l0xx_hal_adc.o(i.ADC_DMAHalfConvCplt)
    i.ADC_DelayMicroSecond                   0x080002f8   Section        0  stm32l0xx_hal_adc.o(i.ADC_DelayMicroSecond)
    ADC_DelayMicroSecond                     0x080002f9   Thumb Code    28  stm32l0xx_hal_adc.o(i.ADC_DelayMicroSecond)
    i.ADC_Enable                             0x0800031c   Section        0  stm32l0xx_hal_adc.o(i.ADC_Enable)
    ADC_Enable                               0x0800031d   Thumb Code    96  stm32l0xx_hal_adc.o(i.ADC_Enable)
    i.DMA1_Channel1_IRQHandler               0x08000380   Section        0  stm32l0xx_it.o(i.DMA1_Channel1_IRQHandler)
    i.DMA_SetConfig                          0x08000390   Section        0  stm32l0xx_hal_dma.o(i.DMA_SetConfig)
    DMA_SetConfig                            0x08000391   Thumb Code    44  stm32l0xx_hal_dma.o(i.DMA_SetConfig)
    i.DotMatrixTask                          0x080003bc   Section        0  main.o(i.DotMatrixTask)
    i.EXTI0_1_IRQHandler                     0x080003cc   Section        0  stm32l0xx_it.o(i.EXTI0_1_IRQHandler)
    i.Error_Handler                          0x080003d6   Section        0  main.o(i.Error_Handler)
    i.HAL_ADC_ConfigChannel                  0x080003d8   Section        0  stm32l0xx_hal_adc.o(i.HAL_ADC_ConfigChannel)
    i.HAL_ADC_ConvCpltCallback               0x08000490   Section        0  stm32l0xx_hal_adc.o(i.HAL_ADC_ConvCpltCallback)
    i.HAL_ADC_ConvHalfCpltCallback           0x08000492   Section        0  stm32l0xx_hal_adc.o(i.HAL_ADC_ConvHalfCpltCallback)
    i.HAL_ADC_ErrorCallback                  0x08000494   Section        0  stm32l0xx_hal_adc.o(i.HAL_ADC_ErrorCallback)
    i.HAL_ADC_Init                           0x08000498   Section        0  stm32l0xx_hal_adc.o(i.HAL_ADC_Init)
    i.HAL_ADC_MspInit                        0x08000660   Section        0  stm32l0xx_hal_msp.o(i.HAL_ADC_MspInit)
    i.HAL_ADC_Start_DMA                      0x080006e8   Section        0  stm32l0xx_hal_adc.o(i.HAL_ADC_Start_DMA)
    i.HAL_DMA_IRQHandler                     0x08000788   Section        0  stm32l0xx_hal_dma.o(i.HAL_DMA_IRQHandler)
    i.HAL_DMA_Init                           0x08000830   Section        0  stm32l0xx_hal_dma.o(i.HAL_DMA_Init)
    i.HAL_DMA_Start_IT                       0x080008c0   Section        0  stm32l0xx_hal_dma.o(i.HAL_DMA_Start_IT)
    i.HAL_Delay                              0x08000928   Section        0  stm32l0xx_hal.o(i.HAL_Delay)
    i.HAL_GPIO_EXTI_Callback                 0x08000944   Section        0  main.o(i.HAL_GPIO_EXTI_Callback)
    i.HAL_GPIO_EXTI_IRQHandler               0x080009e4   Section        0  stm32l0xx_hal_gpio.o(i.HAL_GPIO_EXTI_IRQHandler)
    i.HAL_GPIO_Init                          0x080009fc   Section        0  stm32l0xx_hal_gpio.o(i.HAL_GPIO_Init)
    i.HAL_GPIO_ReadPin                       0x08000b74   Section        0  stm32l0xx_hal_gpio.o(i.HAL_GPIO_ReadPin)
    i.HAL_GPIO_TogglePin                     0x08000b7e   Section        0  stm32l0xx_hal_gpio.o(i.HAL_GPIO_TogglePin)
    i.HAL_GPIO_WritePin                      0x08000b86   Section        0  stm32l0xx_hal_gpio.o(i.HAL_GPIO_WritePin)
    i.HAL_GetTick                            0x08000b94   Section        0  stm32l0xx_hal.o(i.HAL_GetTick)
    i.HAL_I2CEx_ConfigAnalogFilter           0x08000ba0   Section        0  stm32l0xx_hal_i2c_ex.o(i.HAL_I2CEx_ConfigAnalogFilter)
    i.HAL_I2CEx_ConfigDigitalFilter          0x08000bea   Section        0  stm32l0xx_hal_i2c_ex.o(i.HAL_I2CEx_ConfigDigitalFilter)
    i.HAL_I2C_Init                           0x08000c34   Section        0  stm32l0xx_hal_i2c.o(i.HAL_I2C_Init)
    i.HAL_I2C_Master_Receive                 0x08000ce8   Section        0  stm32l0xx_hal_i2c.o(i.HAL_I2C_Master_Receive)
    i.HAL_I2C_Master_Transmit                0x08000df8   Section        0  stm32l0xx_hal_i2c.o(i.HAL_I2C_Master_Transmit)
    i.HAL_I2C_MspInit                        0x08000f08   Section        0  stm32l0xx_hal_msp.o(i.HAL_I2C_MspInit)
    i.HAL_IncTick                            0x08000f68   Section        0  stm32l0xx_hal.o(i.HAL_IncTick)
    i.HAL_Init                               0x08000f78   Section        0  stm32l0xx_hal.o(i.HAL_Init)
    i.HAL_InitTick                           0x08000fa0   Section        0  stm32l0xx_hal.o(i.HAL_InitTick)
    i.HAL_MspInit                            0x08000fd0   Section        0  stm32l0xx_hal_msp.o(i.HAL_MspInit)
    i.HAL_NVIC_EnableIRQ                     0x08000ff4   Section        0  stm32l0xx_hal_cortex.o(i.HAL_NVIC_EnableIRQ)
    i.HAL_NVIC_SetPriority                   0x08001008   Section        0  stm32l0xx_hal_cortex.o(i.HAL_NVIC_SetPriority)
    i.HAL_RCC_ClockConfig                    0x08001010   Section        0  stm32l0xx_hal_rcc.o(i.HAL_RCC_ClockConfig)
    i.HAL_RCC_GetSysClockFreq                0x0800117c   Section        0  stm32l0xx_hal_rcc.o(i.HAL_RCC_GetSysClockFreq)
    i.HAL_RCC_OscConfig                      0x080011f4   Section        0  stm32l0xx_hal_rcc.o(i.HAL_RCC_OscConfig)
    i.HAL_SYSTICK_Config                     0x0800167c   Section        0  stm32l0xx_hal_cortex.o(i.HAL_SYSTICK_Config)
    i.HAL_TIMEx_MasterConfigSynchronization  0x080016ac   Section        0  stm32l0xx_hal_tim_ex.o(i.HAL_TIMEx_MasterConfigSynchronization)
    i.HAL_TIM_Base_Start_IT                  0x080016e8   Section        0  stm32l0xx_hal_tim.o(i.HAL_TIM_Base_Start_IT)
    i.HAL_TIM_IC_CaptureCallback             0x08001708   Section        0  stm32l0xx_hal_tim.o(i.HAL_TIM_IC_CaptureCallback)
    i.HAL_TIM_IRQHandler                     0x0800170a   Section        0  stm32l0xx_hal_tim.o(i.HAL_TIM_IRQHandler)
    i.HAL_TIM_OC_ConfigChannel               0x08001830   Section        0  stm32l0xx_hal_tim.o(i.HAL_TIM_OC_ConfigChannel)
    i.HAL_TIM_OC_DelayElapsedCallback        0x08001880   Section        0  stm32l0xx_hal_tim.o(i.HAL_TIM_OC_DelayElapsedCallback)
    i.HAL_TIM_OC_Init                        0x08001882   Section        0  stm32l0xx_hal_tim.o(i.HAL_TIM_OC_Init)
    i.HAL_TIM_OC_MspInit                     0x080018b8   Section        0  stm32l0xx_hal_msp.o(i.HAL_TIM_OC_MspInit)
    i.HAL_TIM_PWM_PulseFinishedCallback      0x080018e4   Section        0  stm32l0xx_hal_tim.o(i.HAL_TIM_PWM_PulseFinishedCallback)
    i.HAL_TIM_PeriodElapsedCallback          0x080018e8   Section        0  main.o(i.HAL_TIM_PeriodElapsedCallback)
    i.HAL_TIM_TriggerCallback                0x080018f8   Section        0  stm32l0xx_hal_tim.o(i.HAL_TIM_TriggerCallback)
    i.HardFault_Handler                      0x080018fa   Section        0  stm32l0xx_it.o(i.HardFault_Handler)
    i.I2C_Flush_TXDR                         0x080018fc   Section        0  stm32l0xx_hal_i2c.o(i.I2C_Flush_TXDR)
    I2C_Flush_TXDR                           0x080018fd   Thumb Code    34  stm32l0xx_hal_i2c.o(i.I2C_Flush_TXDR)
    i.I2C_IsAcknowledgeFailed                0x08001920   Section        0  stm32l0xx_hal_i2c.o(i.I2C_IsAcknowledgeFailed)
    I2C_IsAcknowledgeFailed                  0x08001921   Thumb Code   108  stm32l0xx_hal_i2c.o(i.I2C_IsAcknowledgeFailed)
    i.I2C_TransferConfig                     0x08001990   Section        0  stm32l0xx_hal_i2c.o(i.I2C_TransferConfig)
    I2C_TransferConfig                       0x08001991   Thumb Code    34  stm32l0xx_hal_i2c.o(i.I2C_TransferConfig)
    i.I2C_WaitOnFlagUntilTimeout             0x080019b8   Section        0  stm32l0xx_hal_i2c.o(i.I2C_WaitOnFlagUntilTimeout)
    I2C_WaitOnFlagUntilTimeout               0x080019b9   Thumb Code    78  stm32l0xx_hal_i2c.o(i.I2C_WaitOnFlagUntilTimeout)
    i.I2C_WaitOnRXNEFlagUntilTimeout         0x08001a08   Section        0  stm32l0xx_hal_i2c.o(i.I2C_WaitOnRXNEFlagUntilTimeout)
    I2C_WaitOnRXNEFlagUntilTimeout           0x08001a09   Thumb Code   122  stm32l0xx_hal_i2c.o(i.I2C_WaitOnRXNEFlagUntilTimeout)
    i.I2C_WaitOnSTOPFlagUntilTimeout         0x08001a88   Section        0  stm32l0xx_hal_i2c.o(i.I2C_WaitOnSTOPFlagUntilTimeout)
    I2C_WaitOnSTOPFlagUntilTimeout           0x08001a89   Thumb Code    76  stm32l0xx_hal_i2c.o(i.I2C_WaitOnSTOPFlagUntilTimeout)
    i.I2C_WaitOnTXISFlagUntilTimeout         0x08001ad4   Section        0  stm32l0xx_hal_i2c.o(i.I2C_WaitOnTXISFlagUntilTimeout)
    I2C_WaitOnTXISFlagUntilTimeout           0x08001ad5   Thumb Code    80  stm32l0xx_hal_i2c.o(i.I2C_WaitOnTXISFlagUntilTimeout)
    i.LCDTask                                0x08001b24   Section        0  main.o(i.LCDTask)
    i.MX_ADC_Init                            0x08001c5c   Section        0  main.o(i.MX_ADC_Init)
    MX_ADC_Init                              0x08001c5d   Thumb Code   106  main.o(i.MX_ADC_Init)
    i.MX_GPIO_Init                           0x08001cd8   Section        0  main.o(i.MX_GPIO_Init)
    MX_GPIO_Init                             0x08001cd9   Thumb Code   220  main.o(i.MX_GPIO_Init)
    i.MX_I2C2_Init                           0x08001dc8   Section        0  main.o(i.MX_I2C2_Init)
    MX_I2C2_Init                             0x08001dc9   Thumb Code    52  main.o(i.MX_I2C2_Init)
    i.MX_TIM2_Init                           0x08001e08   Section        0  main.o(i.MX_TIM2_Init)
    MX_TIM2_Init                             0x08001e09   Thumb Code    80  main.o(i.MX_TIM2_Init)
    i.NMI_Handler                            0x08001e5c   Section        0  stm32l0xx_it.o(i.NMI_Handler)
    i.NVIC_SetPriority                       0x08001e60   Section        0  stm32l0xx_hal_cortex.o(i.NVIC_SetPriority)
    NVIC_SetPriority                         0x08001e61   Thumb Code    60  stm32l0xx_hal_cortex.o(i.NVIC_SetPriority)
    i.SVC_Handler                            0x08001ea4   Section        0  port.o(i.SVC_Handler)
    i.SoundTask                              0x08001ea6   Section        0  main.o(i.SoundTask)
    i.StartDefaultTask                       0x08001f86   Section        0  main.o(i.StartDefaultTask)
    i.SysTick_Handler                        0x08001f8e   Section        0  stm32l0xx_it.o(i.SysTick_Handler)
    i.SystemClock_Config                     0x08001f9c   Section        0  main.o(i.SystemClock_Config)
    i.SystemInit                             0x08002000   Section        0  system_stm32l0xx.o(i.SystemInit)
    i.TIM2_IRQHandler                        0x08002054   Section        0  stm32l0xx_it.o(i.TIM2_IRQHandler)
    i.TIM_Base_SetConfig                     0x08002064   Section        0  stm32l0xx_hal_tim.o(i.TIM_Base_SetConfig)
    TIM_Base_SetConfig                       0x08002065   Thumb Code    78  stm32l0xx_hal_tim.o(i.TIM_Base_SetConfig)
    i.TIM_OC1_SetConfig                      0x080020bc   Section        0  stm32l0xx_hal_tim.o(i.TIM_OC1_SetConfig)
    TIM_OC1_SetConfig                        0x080020bd   Thumb Code    48  stm32l0xx_hal_tim.o(i.TIM_OC1_SetConfig)
    i.TIM_OC2_SetConfig                      0x080020ec   Section        0  stm32l0xx_hal_tim.o(i.TIM_OC2_SetConfig)
    TIM_OC2_SetConfig                        0x080020ed   Thumb Code    50  stm32l0xx_hal_tim.o(i.TIM_OC2_SetConfig)
    i.TIM_OC3_SetConfig                      0x0800211e   Section        0  stm32l0xx_hal_tim.o(i.TIM_OC3_SetConfig)
    TIM_OC3_SetConfig                        0x0800211f   Thumb Code    54  stm32l0xx_hal_tim.o(i.TIM_OC3_SetConfig)
    i.TIM_OC4_SetConfig                      0x08002154   Section        0  stm32l0xx_hal_tim.o(i.TIM_OC4_SetConfig)
    TIM_OC4_SetConfig                        0x08002155   Thumb Code    54  stm32l0xx_hal_tim.o(i.TIM_OC4_SetConfig)
    i.__0sprintf$6                           0x0800218c   Section        0  printf6.o(i.__0sprintf$6)
    i.__scatterload_copy                     0x080021b4   Section       14  handlers.o(i.__scatterload_copy)
    i.__scatterload_null                     0x080021c2   Section        2  handlers.o(i.__scatterload_null)
    i.__scatterload_zeroinit                 0x080021c4   Section       14  handlers.o(i.__scatterload_zeroinit)
    i._printf_core                           0x080021d4   Section        0  printf6.o(i._printf_core)
    _printf_core                             0x080021d5   Thumb Code   768  printf6.o(i._printf_core)
    i._printf_post_padding                   0x080024d8   Section        0  printf6.o(i._printf_post_padding)
    _printf_post_padding                     0x080024d9   Thumb Code    32  printf6.o(i._printf_post_padding)
    i._printf_pre_padding                    0x080024f8   Section        0  printf6.o(i._printf_pre_padding)
    _printf_pre_padding                      0x080024f9   Thumb Code    44  printf6.o(i._printf_pre_padding)
    i._sputc                                 0x08002524   Section        0  printf6.o(i._sputc)
    _sputc                                   0x08002525   Thumb Code    10  printf6.o(i._sputc)
    i.bcd2dec                                0x0800252e   Section        0  main.o(i.bcd2dec)
    i.lcd_clear                              0x0800253e   Section        0  main.o(i.lcd_clear)
    i.lcd_data                               0x0800254c   Section        0  main.o(i.lcd_data)
    i.lcd_init                               0x08002588   Section        0  main.o(i.lcd_init)
    i.lcd_nop                                0x08002600   Section        0  main.o(i.lcd_nop)
    i.lcd_print                              0x0800262c   Section        0  main.o(i.lcd_print)
    i.lcd_set_cursor                         0x08002644   Section        0  main.o(i.lcd_set_cursor)
    i.lcd_write                              0x0800265c   Section        0  main.o(i.lcd_write)
    i.main                                   0x08002688   Section        0  main.o(i.main)
    i.makeFreeRtosPriority                   0x08002790   Section        0  cmsis_os.o(i.makeFreeRtosPriority)
    makeFreeRtosPriority                     0x08002791   Thumb Code    12  cmsis_os.o(i.makeFreeRtosPriority)
    i.osDelay                                0x0800279c   Section        0  cmsis_os.o(i.osDelay)
    i.osKernelStart                          0x080027ac   Section        0  cmsis_os.o(i.osKernelStart)
    i.osSystickHandler                       0x080027b6   Section        0  cmsis_os.o(i.osSystickHandler)
    i.osThreadCreate                         0x080027c6   Section        0  cmsis_os.o(i.osThreadCreate)
    i.prvAddCurrentTaskToDelayedList         0x080027f4   Section        0  tasks.o(i.prvAddCurrentTaskToDelayedList)
    prvAddCurrentTaskToDelayedList           0x080027f5   Thumb Code    78  tasks.o(i.prvAddCurrentTaskToDelayedList)
    i.prvAddNewTaskToReadyList               0x0800284c   Section        0  tasks.o(i.prvAddNewTaskToReadyList)
    prvAddNewTaskToReadyList                 0x0800284d   Thumb Code   176  tasks.o(i.prvAddNewTaskToReadyList)
    i.prvDeleteTCB                           0x08002904   Section        0  tasks.o(i.prvDeleteTCB)
    prvDeleteTCB                             0x08002905   Thumb Code    18  tasks.o(i.prvDeleteTCB)
    i.prvHeapInit                            0x08002918   Section        0  heap_4.o(i.prvHeapInit)
    prvHeapInit                              0x08002919   Thumb Code    60  heap_4.o(i.prvHeapInit)
    i.prvIdleTask                            0x0800295c   Section        0  tasks.o(i.prvIdleTask)
    prvIdleTask                              0x0800295d   Thumb Code    64  tasks.o(i.prvIdleTask)
    i.prvInitialiseNewTask                   0x080029a4   Section        0  tasks.o(i.prvInitialiseNewTask)
    prvInitialiseNewTask                     0x080029a5   Thumb Code   124  tasks.o(i.prvInitialiseNewTask)
    i.prvInsertBlockIntoFreeList             0x08002a20   Section        0  heap_4.o(i.prvInsertBlockIntoFreeList)
    prvInsertBlockIntoFreeList               0x08002a21   Thumb Code    72  heap_4.o(i.prvInsertBlockIntoFreeList)
    i.prvResetNextTaskUnblockTime            0x08002a6c   Section        0  tasks.o(i.prvResetNextTaskUnblockTime)
    prvResetNextTaskUnblockTime              0x08002a6d   Thumb Code    28  tasks.o(i.prvResetNextTaskUnblockTime)
    i.prvTaskExitError                       0x08002a8c   Section        0  port.o(i.prvTaskExitError)
    prvTaskExitError                         0x08002a8d   Thumb Code    14  port.o(i.prvTaskExitError)
    i.pvPortMalloc                           0x08002aa0   Section        0  heap_4.o(i.pvPortMalloc)
    i.pxPortInitialiseStack                  0x08002b50   Section        0  port.o(i.pxPortInitialiseStack)
    i.read_time                              0x08002b70   Section        0  main.o(i.read_time)
    i.resetCounter                           0x08002c00   Section        0  main.o(i.resetCounter)
    i.rotate                                 0x08002c20   Section        0  main.o(i.rotate)
    i.rotateToBuffer                         0x08002c5c   Section        0  main.o(i.rotateToBuffer)
    i.scan_dotmatrix2                        0x08002c74   Section        0  main.o(i.scan_dotmatrix2)
    i.shiftOut                               0x08002cb0   Section        0  main.o(i.shiftOut)
    i.showTextRTOS                           0x08002cfc   Section        0  main.o(i.showTextRTOS)
    i.tickClock                              0x08002d6c   Section        0  main.o(i.tickClock)
    i.uxListRemove                           0x08002d8c   Section        0  list.o(i.uxListRemove)
    i.vListInitialise                        0x08002db2   Section        0  list.o(i.vListInitialise)
    i.vListInitialiseItem                    0x08002dc8   Section        0  list.o(i.vListInitialiseItem)
    i.vListInsert                            0x08002dce   Section        0  list.o(i.vListInsert)
    i.vListInsertEnd                         0x08002dfe   Section        0  list.o(i.vListInsertEnd)
    i.vPortEnterCritical                     0x08002e18   Section        0  port.o(i.vPortEnterCritical)
    i.vPortExitCritical                      0x08002e30   Section        0  port.o(i.vPortExitCritical)
    i.vPortFree                              0x08002e4c   Section        0  heap_4.o(i.vPortFree)
    i.vPortYield                             0x08002e90   Section        0  port.o(i.vPortYield)
    i.vTaskDelay                             0x08002ea8   Section        0  tasks.o(i.vTaskDelay)
    i.vTaskStartScheduler                    0x08002ed8   Section        0  tasks.o(i.vTaskStartScheduler)
    i.vTaskSuspendAll                        0x08002f24   Section        0  tasks.o(i.vTaskSuspendAll)
    i.vTaskSwitchContext                     0x08002f34   Section        0  tasks.o(i.vTaskSwitchContext)
    i.xPortStartScheduler                    0x08002f8c   Section        0  port.o(i.xPortStartScheduler)
    i.xPortSysTickHandler                    0x08002fdc   Section        0  port.o(i.xPortSysTickHandler)
    i.xTaskCreate                            0x08003000   Section        0  tasks.o(i.xTaskCreate)
    i.xTaskGetSchedulerState                 0x08003050   Section        0  tasks.o(i.xTaskGetSchedulerState)
    i.xTaskIncrementTick                     0x08003070   Section        0  tasks.o(i.xTaskIncrementTick)
    i.xTaskResumeAll                         0x0800312c   Section        0  tasks.o(i.xTaskResumeAll)
    .constdata                               0x080031d8   Section       80  main.o(.constdata)
    .constdata                               0x08003228   Section       25  system_stm32l0xx.o(.constdata)
    .conststring                             0x08003244   Section       34  main.o(.conststring)
    .data                                    0x20000000   Section     1578  main.o(.data)
    state                                    0x20000003   Data           1  main.o(.data)
    start                                    0x20000004   Data           1  main.o(.data)
    timer                                    0x20000008   Data           4  main.o(.data)
    .data                                    0x2000062c   Section        4  stm32l0xx_hal.o(.data)
    .data                                    0x20000630   Section        4  system_stm32l0xx.o(.data)
    .data                                    0x20000634   Section       60  tasks.o(.data)
    pxDelayedTaskList                        0x20000638   Data           4  tasks.o(.data)
    pxOverflowDelayedTaskList                0x2000063c   Data           4  tasks.o(.data)
    uxDeletedTasksWaitingCleanUp             0x20000640   Data           4  tasks.o(.data)
    uxCurrentNumberOfTasks                   0x20000644   Data           4  tasks.o(.data)
    xTickCount                               0x20000648   Data           4  tasks.o(.data)
    uxTopReadyPriority                       0x2000064c   Data           4  tasks.o(.data)
    xSchedulerRunning                        0x20000650   Data           4  tasks.o(.data)
    uxPendedTicks                            0x20000654   Data           4  tasks.o(.data)
    xYieldPending                            0x20000658   Data           4  tasks.o(.data)
    xNumOfOverflows                          0x2000065c   Data           4  tasks.o(.data)
    uxTaskNumber                             0x20000660   Data           4  tasks.o(.data)
    xNextTaskUnblockTime                     0x20000664   Data           4  tasks.o(.data)
    xIdleTaskHandle                          0x20000668   Data           4  tasks.o(.data)
    uxSchedulerSuspended                     0x2000066c   Data           4  tasks.o(.data)
    .data                                    0x20000670   Section       24  heap_4.o(.data)
    pxEnd                                    0x20000670   Data           4  heap_4.o(.data)
    xFreeBytesRemaining                      0x20000674   Data           4  heap_4.o(.data)
    xMinimumEverFreeBytesRemaining           0x20000678   Data           4  heap_4.o(.data)
    xBlockAllocatedBit                       0x2000067c   Data           4  heap_4.o(.data)
    xStart                                   0x20000680   Data           8  heap_4.o(.data)
    .data                                    0x20000688   Section        4  port.o(.data)
    uxCriticalNesting                        0x20000688   Data           4  port.o(.data)
    .bss                                     0x2000068c   Section      424  main.o(.bss)
    .bss                                     0x20000834   Section       72  main.o(.bss)
    .bss                                     0x2000087c   Section      240  tasks.o(.bss)
    pxReadyTasksLists                        0x2000087c   Data         140  tasks.o(.bss)
    xDelayedTaskList1                        0x20000908   Data          20  tasks.o(.bss)
    xDelayedTaskList2                        0x2000091c   Data          20  tasks.o(.bss)
    xPendingReadyList                        0x20000930   Data          20  tasks.o(.bss)
    xTasksWaitingTermination                 0x20000944   Data          20  tasks.o(.bss)
    xSuspendedTaskList                       0x20000958   Data          20  tasks.o(.bss)
    .bss                                     0x2000096c   Section     3072  heap_4.o(.bss)
    ucHeap                                   0x2000096c   Data        3072  heap_4.o(.bss)
    STACK                                    0x20001570   Section     1024  startup_stm32l053xx.o(STACK)

    Global Symbols

    Symbol Name                              Value     Ov Type        Size  Object(Section)

    BuildAttributes$$THM_ISAv3M$S$PE$A:L22$X:L11$S22$IEEE1$IW$USESV6$~STKCKD$USESV7$~SHL$OSPACE$ROPI$EBA8$MICROLIB$REQ8$PRES8$EABIv2 0x00000000   Number         0  anon$$obj.o ABSOLUTE
    __ARM_use_no_argv                        0x00000000   Number         0  main.o ABSOLUTE
    _printf_a                                0x00000000   Number         0  stubs.o ABSOLUTE
    _printf_c                                0x00000000   Number         0  stubs.o ABSOLUTE
    _printf_charcount                        0x00000000   Number         0  stubs.o ABSOLUTE
    _printf_d                                0x00000000   Number         0  stubs.o ABSOLUTE
    _printf_e                                0x00000000   Number         0  stubs.o ABSOLUTE
    _printf_f                                0x00000000   Number         0  stubs.o ABSOLUTE
    _printf_flags                            0x00000000   Number         0  stubs.o ABSOLUTE
    _printf_fp_dec                           0x00000000   Number         0  stubs.o ABSOLUTE
    _printf_fp_hex                           0x00000000   Number         0  stubs.o ABSOLUTE
    _printf_g                                0x00000000   Number         0  stubs.o ABSOLUTE
    _printf_i                                0x00000000   Number         0  stubs.o ABSOLUTE
    _printf_int_dec                          0x00000000   Number         0  stubs.o ABSOLUTE
    _printf_l                                0x00000000   Number         0  stubs.o ABSOLUTE
    _printf_lc                               0x00000000   Number         0  stubs.o ABSOLUTE
    _printf_ll                               0x00000000   Number         0  stubs.o ABSOLUTE
    _printf_lld                              0x00000000   Number         0  stubs.o ABSOLUTE
    _printf_lli                              0x00000000   Number         0  stubs.o ABSOLUTE
    _printf_llo                              0x00000000   Number         0  stubs.o ABSOLUTE
    _printf_llu                              0x00000000   Number         0  stubs.o ABSOLUTE
    _printf_llx                              0x00000000   Number         0  stubs.o ABSOLUTE
    _printf_longlong_dec                     0x00000000   Number         0  stubs.o ABSOLUTE
    _printf_longlong_hex                     0x00000000   Number         0  stubs.o ABSOLUTE
    _printf_longlong_oct                     0x00000000   Number         0  stubs.o ABSOLUTE
    _printf_ls                               0x00000000   Number         0  stubs.o ABSOLUTE
    _printf_mbtowc                           0x00000000   Number         0  stubs.o ABSOLUTE
    _printf_n                                0x00000000   Number         0  stubs.o ABSOLUTE
    _printf_o                                0x00000000   Number         0  stubs.o ABSOLUTE
    _printf_p                                0x00000000   Number         0  stubs.o ABSOLUTE
    _printf_percent                          0x00000000   Number         0  stubs.o ABSOLUTE
    _printf_pre_padding                      0x00000000   Number         0  stubs.o ABSOLUTE
    _printf_return_value                     0x00000000   Number         0  stubs.o ABSOLUTE
    _printf_s                                0x00000000   Number         0  stubs.o ABSOLUTE
    _printf_sizespec                         0x00000000   Number         0  stubs.o ABSOLUTE
    _printf_str                              0x00000000   Number         0  stubs.o ABSOLUTE
    _printf_truncate_signed                  0x00000000   Number         0  stubs.o ABSOLUTE
    _printf_truncate_unsigned                0x00000000   Number         0  stubs.o ABSOLUTE
    _printf_u                                0x00000000   Number         0  stubs.o ABSOLUTE
    _printf_wc                               0x00000000   Number         0  stubs.o ABSOLUTE
    _printf_wctomb                           0x00000000   Number         0  stubs.o ABSOLUTE
    _printf_widthprec                        0x00000000   Number         0  stubs.o ABSOLUTE
    _printf_x                                0x00000000   Number         0  stubs.o ABSOLUTE
    __cpp_initialize__aeabi_                  - Undefined Weak Reference
    __cxa_finalize                            - Undefined Weak Reference
    _clock_init                               - Undefined Weak Reference
    _microlib_exit                            - Undefined Weak Reference
    __Vectors_Size                           0x000000c0   Number         0  startup_stm32l053xx.o ABSOLUTE
    __Vectors                                0x08000000   Data           4  startup_stm32l053xx.o(RESET)
    __Vectors_End                            0x080000c0   Data           0  startup_stm32l053xx.o(RESET)
    __main                                   0x080000c1   Thumb Code     0  entry.o(.ARM.Collect$$$$00000000)
    _main_stk                                0x080000c1   Thumb Code     0  entry2.o(.ARM.Collect$$$$00000001)
    _main_scatterload                        0x080000c5   Thumb Code     0  entry5.o(.ARM.Collect$$$$00000004)
    __main_after_scatterload                 0x080000c9   Thumb Code     0  entry5.o(.ARM.Collect$$$$00000004)
    _main_clock                              0x080000c9   Thumb Code     0  entry7b.o(.ARM.Collect$$$$00000008)
    _main_cpp_init                           0x080000c9   Thumb Code     0  entry8b.o(.ARM.Collect$$$$0000000A)
    _main_init                               0x080000c9   Thumb Code     0  entry9a.o(.ARM.Collect$$$$0000000B)
    __rt_final_cpp                           0x080000d1   Thumb Code     0  entry10a.o(.ARM.Collect$$$$0000000D)
    __rt_final_exit                          0x080000d1   Thumb Code     0  entry11a.o(.ARM.Collect$$$$0000000F)
    __asm___6_port_c_39a90d8d__prvPortStartFirstTask 0x080000d5   Thumb Code    36  port.o(.emb_text)
    ulSetInterruptMaskFromISR                0x080000fd   Thumb Code     8  port.o(.emb_text)
    vClearInterruptMaskFromISR               0x08000105   Thumb Code     6  port.o(.emb_text)
    PendSV_Handler                           0x0800010b   Thumb Code    62  port.o(.emb_text)
    Reset_Handler                            0x0800014d   Thumb Code     8  startup_stm32l053xx.o(.text)
    ADC1_COMP_IRQHandler                     0x0800015f   Thumb Code     0  startup_stm32l053xx.o(.text)
    DMA1_Channel2_3_IRQHandler               0x0800015f   Thumb Code     0  startup_stm32l053xx.o(.text)
    DMA1_Channel4_5_6_7_IRQHandler           0x0800015f   Thumb Code     0  startup_stm32l053xx.o(.text)
    EXTI2_3_IRQHandler                       0x0800015f   Thumb Code     0  startup_stm32l053xx.o(.text)
    EXTI4_15_IRQHandler                      0x0800015f   Thumb Code     0  startup_stm32l053xx.o(.text)
    FLASH_IRQHandler                         0x0800015f   Thumb Code     0  startup_stm32l053xx.o(.text)
    I2C1_IRQHandler                          0x0800015f   Thumb Code     0  startup_stm32l053xx.o(.text)
    I2C2_IRQHandler                          0x0800015f   Thumb Code     0  startup_stm32l053xx.o(.text)
    LCD_IRQHandler                           0x0800015f   Thumb Code     0  startup_stm32l053xx.o(.text)
    LPTIM1_IRQHandler                        0x0800015f   Thumb Code     0  startup_stm32l053xx.o(.text)
    PVD_IRQHandler                           0x0800015f   Thumb Code     0  startup_stm32l053xx.o(.text)
    RCC_CRS_IRQHandler                       0x0800015f   Thumb Code     0  startup_stm32l053xx.o(.text)
    RNG_LPUART1_IRQHandler                   0x0800015f   Thumb Code     0  startup_stm32l053xx.o(.text)
    RTC_IRQHandler                           0x0800015f   Thumb Code     0  startup_stm32l053xx.o(.text)
    SPI1_IRQHandler                          0x0800015f   Thumb Code     0  startup_stm32l053xx.o(.text)
    SPI2_IRQHandler                          0x0800015f   Thumb Code     0  startup_stm32l053xx.o(.text)
    TIM21_IRQHandler                         0x0800015f   Thumb Code     0  startup_stm32l053xx.o(.text)
    TIM22_IRQHandler                         0x0800015f   Thumb Code     0  startup_stm32l053xx.o(.text)
    TIM6_DAC_IRQHandler                      0x0800015f   Thumb Code     0  startup_stm32l053xx.o(.text)
    TSC_IRQHandler                           0x0800015f   Thumb Code     0  startup_stm32l053xx.o(.text)
    USART1_IRQHandler                        0x0800015f   Thumb Code     0  startup_stm32l053xx.o(.text)
    USART2_IRQHandler                        0x0800015f   Thumb Code     0  startup_stm32l053xx.o(.text)
    USB_IRQHandler                           0x0800015f   Thumb Code     0  startup_stm32l053xx.o(.text)
    WWDG_IRQHandler                          0x0800015f   Thumb Code     0  startup_stm32l053xx.o(.text)
    __aeabi_uidiv                            0x08000169   Thumb Code     0  uidiv.o(.text)
    __aeabi_uidivmod                         0x08000169   Thumb Code    44  uidiv.o(.text)
    __aeabi_memcpy                           0x08000195   Thumb Code    36  memcpya.o(.text)
    __aeabi_memcpy4                          0x08000195   Thumb Code     0  memcpya.o(.text)
    __aeabi_memcpy8                          0x08000195   Thumb Code     0  memcpya.o(.text)
    __aeabi_memset                           0x080001b9   Thumb Code    14  memseta.o(.text)
    __aeabi_memset4                          0x080001b9   Thumb Code     0  memseta.o(.text)
    __aeabi_memset8                          0x080001b9   Thumb Code     0  memseta.o(.text)
    __aeabi_memclr                           0x080001c7   Thumb Code     4  memseta.o(.text)
    __aeabi_memclr4                          0x080001c7   Thumb Code     0  memseta.o(.text)
    __aeabi_memclr8                          0x080001c7   Thumb Code     0  memseta.o(.text)
    memset                                   0x080001cb   Thumb Code    18  memseta.o(.text)
    strlen                                   0x080001dd   Thumb Code    14  strlen.o(.text)
    __scatterload                            0x080001ed   Thumb Code    28  init.o(.text)
    __scatterload_rt2                        0x080001ed   Thumb Code     0  init.o(.text)
    __decompress                             0x08000211   Thumb Code     0  __dczerorl2.o(.text)
    __decompress1                            0x08000211   Thumb Code    86  __dczerorl2.o(.text)
    DMA1_Channel1_IRQHandler                 0x08000381   Thumb Code    10  stm32l0xx_it.o(i.DMA1_Channel1_IRQHandler)
    DotMatrixTask                            0x080003bd   Thumb Code     8  main.o(i.DotMatrixTask)
    EXTI0_1_IRQHandler                       0x080003cd   Thumb Code    10  stm32l0xx_it.o(i.EXTI0_1_IRQHandler)
    Error_Handler                            0x080003d7   Thumb Code     2  main.o(i.Error_Handler)
    HAL_ADC_ConfigChannel                    0x080003d9   Thumb Code   174  stm32l0xx_hal_adc.o(i.HAL_ADC_ConfigChannel)
    HAL_ADC_ConvCpltCallback                 0x08000491   Thumb Code     2  stm32l0xx_hal_adc.o(i.HAL_ADC_ConvCpltCallback)
    HAL_ADC_ConvHalfCpltCallback             0x08000493   Thumb Code     2  stm32l0xx_hal_adc.o(i.HAL_ADC_ConvHalfCpltCallback)
    HAL_ADC_ErrorCallback                    0x08000495   Thumb Code     2  stm32l0xx_hal_adc.o(i.HAL_ADC_ErrorCallback)
    HAL_ADC_Init                             0x08000499   Thumb Code   446  stm32l0xx_hal_adc.o(i.HAL_ADC_Init)
    HAL_ADC_MspInit                          0x08000661   Thumb Code   120  stm32l0xx_hal_msp.o(i.HAL_ADC_MspInit)
    HAL_ADC_Start_DMA                        0x080006e9   Thumb Code   144  stm32l0xx_hal_adc.o(i.HAL_ADC_Start_DMA)
    HAL_DMA_IRQHandler                       0x08000789   Thumb Code   168  stm32l0xx_hal_dma.o(i.HAL_DMA_IRQHandler)
    HAL_DMA_Init                             0x08000831   Thumb Code   132  stm32l0xx_hal_dma.o(i.HAL_DMA_Init)
    HAL_DMA_Start_IT                         0x080008c1   Thumb Code   104  stm32l0xx_hal_dma.o(i.HAL_DMA_Start_IT)
    HAL_Delay                                0x08000929   Thumb Code    28  stm32l0xx_hal.o(i.HAL_Delay)
    HAL_GPIO_EXTI_Callback                   0x08000945   Thumb Code   150  main.o(i.HAL_GPIO_EXTI_Callback)
    HAL_GPIO_EXTI_IRQHandler                 0x080009e5   Thumb Code    18  stm32l0xx_hal_gpio.o(i.HAL_GPIO_EXTI_IRQHandler)
    HAL_GPIO_Init                            0x080009fd   Thumb Code   346  stm32l0xx_hal_gpio.o(i.HAL_GPIO_Init)
    HAL_GPIO_ReadPin                         0x08000b75   Thumb Code    10  stm32l0xx_hal_gpio.o(i.HAL_GPIO_ReadPin)
    HAL_GPIO_TogglePin                       0x08000b7f   Thumb Code     8  stm32l0xx_hal_gpio.o(i.HAL_GPIO_TogglePin)
    HAL_GPIO_WritePin                        0x08000b87   Thumb Code    12  stm32l0xx_hal_gpio.o(i.HAL_GPIO_WritePin)
    HAL_GetTick                              0x08000b95   Thumb Code     6  stm32l0xx_hal.o(i.HAL_GetTick)
    HAL_I2CEx_ConfigAnalogFilter             0x08000ba1   Thumb Code    74  stm32l0xx_hal_i2c_ex.o(i.HAL_I2CEx_ConfigAnalogFilter)
    HAL_I2CEx_ConfigDigitalFilter            0x08000beb   Thumb Code    72  stm32l0xx_hal_i2c_ex.o(i.HAL_I2CEx_ConfigDigitalFilter)
    HAL_I2C_Init                             0x08000c35   Thumb Code   176  stm32l0xx_hal_i2c.o(i.HAL_I2C_Init)
    HAL_I2C_Master_Receive                   0x08000ce9   Thumb Code   262  stm32l0xx_hal_i2c.o(i.HAL_I2C_Master_Receive)
    HAL_I2C_Master_Transmit                  0x08000df9   Thumb Code   262  stm32l0xx_hal_i2c.o(i.HAL_I2C_Master_Transmit)
    HAL_I2C_MspInit                          0x08000f09   Thumb Code    82  stm32l0xx_hal_msp.o(i.HAL_I2C_MspInit)
    HAL_IncTick                              0x08000f69   Thumb Code    10  stm32l0xx_hal.o(i.HAL_IncTick)
    HAL_Init                                 0x08000f79   Thumb Code    36  stm32l0xx_hal.o(i.HAL_Init)
    HAL_InitTick                             0x08000fa1   Thumb Code    44  stm32l0xx_hal.o(i.HAL_InitTick)
    HAL_MspInit                              0x08000fd1   Thumb Code    32  stm32l0xx_hal_msp.o(i.HAL_MspInit)
    HAL_NVIC_EnableIRQ                       0x08000ff5   Thumb Code    14  stm32l0xx_hal_cortex.o(i.HAL_NVIC_EnableIRQ)
    HAL_NVIC_SetPriority                     0x08001009   Thumb Code     8  stm32l0xx_hal_cortex.o(i.HAL_NVIC_SetPriority)
    HAL_RCC_ClockConfig                      0x08001011   Thumb Code   344  stm32l0xx_hal_rcc.o(i.HAL_RCC_ClockConfig)
    HAL_RCC_GetSysClockFreq                  0x0800117d   Thumb Code   100  stm32l0xx_hal_rcc.o(i.HAL_RCC_GetSysClockFreq)
    HAL_RCC_OscConfig                        0x080011f5   Thumb Code  1158  stm32l0xx_hal_rcc.o(i.HAL_RCC_OscConfig)
    HAL_SYSTICK_Config                       0x0800167d   Thumb Code    38  stm32l0xx_hal_cortex.o(i.HAL_SYSTICK_Config)
    HAL_TIMEx_MasterConfigSynchronization    0x080016ad   Thumb Code    60  stm32l0xx_hal_tim_ex.o(i.HAL_TIMEx_MasterConfigSynchronization)
    HAL_TIM_Base_Start_IT                    0x080016e9   Thumb Code    32  stm32l0xx_hal_tim.o(i.HAL_TIM_Base_Start_IT)
    HAL_TIM_IC_CaptureCallback               0x08001709   Thumb Code     2  stm32l0xx_hal_tim.o(i.HAL_TIM_IC_CaptureCallback)
    HAL_TIM_IRQHandler                       0x0800170b   Thumb Code   294  stm32l0xx_hal_tim.o(i.HAL_TIM_IRQHandler)
    HAL_TIM_OC_ConfigChannel                 0x08001831   Thumb Code    80  stm32l0xx_hal_tim.o(i.HAL_TIM_OC_ConfigChannel)
    HAL_TIM_OC_DelayElapsedCallback          0x08001881   Thumb Code     2  stm32l0xx_hal_tim.o(i.HAL_TIM_OC_DelayElapsedCallback)
    HAL_TIM_OC_Init                          0x08001883   Thumb Code    52  stm32l0xx_hal_tim.o(i.HAL_TIM_OC_Init)
    HAL_TIM_OC_MspInit                       0x080018b9   Thumb Code    40  stm32l0xx_hal_msp.o(i.HAL_TIM_OC_MspInit)
    HAL_TIM_PWM_PulseFinishedCallback        0x080018e5   Thumb Code     2  stm32l0xx_hal_tim.o(i.HAL_TIM_PWM_PulseFinishedCallback)
    HAL_TIM_PeriodElapsedCallback            0x080018e9   Thumb Code    10  main.o(i.HAL_TIM_PeriodElapsedCallback)
    HAL_TIM_TriggerCallback                  0x080018f9   Thumb Code     2  stm32l0xx_hal_tim.o(i.HAL_TIM_TriggerCallback)
    HardFault_Handler                        0x080018fb   Thumb Code     2  stm32l0xx_it.o(i.HardFault_Handler)
    LCDTask                                  0x08001b25   Thumb Code   222  main.o(i.LCDTask)
    NMI_Handler                              0x08001e5d   Thumb Code     2  stm32l0xx_it.o(i.NMI_Handler)
    SVC_Handler                              0x08001ea5   Thumb Code     2  port.o(i.SVC_Handler)
    SoundTask                                0x08001ea7   Thumb Code   224  main.o(i.SoundTask)
    StartDefaultTask                         0x08001f87   Thumb Code     8  main.o(i.StartDefaultTask)
    SysTick_Handler                          0x08001f8f   Thumb Code    12  stm32l0xx_it.o(i.SysTick_Handler)
    SystemClock_Config                       0x08001f9d   Thumb Code    94  main.o(i.SystemClock_Config)
    SystemInit                               0x08002001   Thumb Code    66  system_stm32l0xx.o(i.SystemInit)
    TIM2_IRQHandler                          0x08002055   Thumb Code    10  stm32l0xx_it.o(i.TIM2_IRQHandler)
    __0sprintf$6                             0x0800218d   Thumb Code    36  printf6.o(i.__0sprintf$6)
    __1sprintf$6                             0x0800218d   Thumb Code     0  printf6.o(i.__0sprintf$6)
    __2sprintf                               0x0800218d   Thumb Code     0  printf6.o(i.__0sprintf$6)
    __scatterload_copy                       0x080021b5   Thumb Code    14  handlers.o(i.__scatterload_copy)
    __scatterload_null                       0x080021c3   Thumb Code     2  handlers.o(i.__scatterload_null)
    __scatterload_zeroinit                   0x080021c5   Thumb Code    14  handlers.o(i.__scatterload_zeroinit)
    bcd2dec                                  0x0800252f   Thumb Code    16  main.o(i.bcd2dec)
    lcd_clear                                0x0800253f   Thumb Code    12  main.o(i.lcd_clear)
    lcd_data                                 0x0800254d   Thumb Code    54  main.o(i.lcd_data)
    lcd_init                                 0x08002589   Thumb Code   116  main.o(i.lcd_init)
    lcd_nop                                  0x08002601   Thumb Code    38  main.o(i.lcd_nop)
    lcd_print                                0x0800262d   Thumb Code    24  main.o(i.lcd_print)
    lcd_set_cursor                           0x08002645   Thumb Code    24  main.o(i.lcd_set_cursor)
    lcd_write                                0x0800265d   Thumb Code    40  main.o(i.lcd_write)
    main                                     0x08002689   Thumb Code   244  main.o(i.main)
    osDelay                                  0x0800279d   Thumb Code    16  cmsis_os.o(i.osDelay)
    osKernelStart                            0x080027ad   Thumb Code    10  cmsis_os.o(i.osKernelStart)
    osSystickHandler                         0x080027b7   Thumb Code    16  cmsis_os.o(i.osSystickHandler)
    osThreadCreate                           0x080027c7   Thumb Code    46  cmsis_os.o(i.osThreadCreate)
    pvPortMalloc                             0x08002aa1   Thumb Code   172  heap_4.o(i.pvPortMalloc)
    pxPortInitialiseStack                    0x08002b51   Thumb Code    28  port.o(i.pxPortInitialiseStack)
    read_time                                0x08002b71   Thumb Code   138  main.o(i.read_time)
    resetCounter                             0x08002c01   Thumb Code    26  main.o(i.resetCounter)
    rotate                                   0x08002c21   Thumb Code    58  main.o(i.rotate)
    rotateToBuffer                           0x08002c5d   Thumb Code    20  main.o(i.rotateToBuffer)
    scan_dotmatrix2                          0x08002c75   Thumb Code    54  main.o(i.scan_dotmatrix2)
    shiftOut                                 0x08002cb1   Thumb Code    70  main.o(i.shiftOut)
    showTextRTOS                             0x08002cfd   Thumb Code   102  main.o(i.showTextRTOS)
    tickClock                                0x08002d6d   Thumb Code    26  main.o(i.tickClock)
    uxListRemove                             0x08002d8d   Thumb Code    38  list.o(i.uxListRemove)
    vListInitialise                          0x08002db3   Thumb Code    22  list.o(i.vListInitialise)
    vListInitialiseItem                      0x08002dc9   Thumb Code     6  list.o(i.vListInitialiseItem)
    vListInsert                              0x08002dcf   Thumb Code    48  list.o(i.vListInsert)
    vListInsertEnd                           0x08002dff   Thumb Code    24  list.o(i.vListInsertEnd)
    vPortEnterCritical                       0x08002e19   Thumb Code    20  port.o(i.vPortEnterCritical)
    vPortExitCritical                        0x08002e31   Thumb Code    22  port.o(i.vPortExitCritical)
    vPortFree                                0x08002e4d   Thumb Code    62  heap_4.o(i.vPortFree)
    vPortYield                               0x08002e91   Thumb Code    18  port.o(i.vPortYield)
    vTaskDelay                               0x08002ea9   Thumb Code    44  tasks.o(i.vTaskDelay)
    vTaskStartScheduler                      0x08002ed9   Thumb Code    58  tasks.o(i.vTaskStartScheduler)
    vTaskSuspendAll                          0x08002f25   Thumb Code    10  tasks.o(i.vTaskSuspendAll)
    vTaskSwitchContext                       0x08002f35   Thumb Code    78  tasks.o(i.vTaskSwitchContext)
    xPortStartScheduler                      0x08002f8d   Thumb Code    62  port.o(i.xPortStartScheduler)
    xPortSysTickHandler                      0x08002fdd   Thumb Code    32  port.o(i.xPortSysTickHandler)
    xTaskCreate                              0x08003001   Thumb Code    78  tasks.o(i.xTaskCreate)
    xTaskGetSchedulerState                   0x08003051   Thumb Code    26  tasks.o(i.xTaskGetSchedulerState)
    xTaskIncrementTick                       0x08003071   Thumb Code   180  tasks.o(i.xTaskIncrementTick)
    xTaskResumeAll                           0x0800312d   Thumb Code   164  tasks.o(i.xTaskResumeAll)
    AHBPrescTable                            0x08003228   Data          16  system_stm32l0xx.o(.constdata)
    PLLMulTable                              0x08003238   Data           9  system_stm32l0xx.o(.constdata)
    Region$$Table$$Base                      0x08003268   Number         0  anon$$obj.o(Region$$Table)
    Region$$Table$$Limit                     0x08003288   Number         0  anon$$obj.o(Region$$Table)
    scan_bit                                 0x20000000   Data           1  main.o(.data)
    counter                                  0x20000001   Data           1  main.o(.data)
    state                                    0x20000002   Data           1  main.o(.data)
    defaultTaskHandle                        0x2000000c   Data           4  main.o(.data)
    DotMatrixHandle                          0x20000010   Data           4  main.o(.data)
    LCDHandle                                0x20000014   Data           4  main.o(.data)
    SoundHandle                              0x20000018   Data           4  main.o(.data)
    accelerometer_value                      0x2000001c   Data           6  main.o(.data)
    frame_buffer                             0x20000022   Data           8  main.o(.data)
    font_6_8                                 0x2000002a   Data        1536  main.o(.data)
    uwTick                                   0x2000062c   Data           4  stm32l0xx_hal.o(.data)
    SystemCoreClock                          0x20000630   Data           4  system_stm32l0xx.o(.data)
    pxCurrentTCB                             0x20000634   Data           4  tasks.o(.data)
    hadc                                     0x2000068c   Data          92  main.o(.bss)
    hi2c2                                    0x200006e8   Data          76  main.o(.bss)
    htim2                                    0x20000734   Data          60  main.o(.bss)
    buffText                                 0x20000770   Data         196  main.o(.bss)
    hdma_adc                                 0x20000834   Data          72  main.o(.bss)
    __initial_sp                             0x20001970   Data           0  startup_stm32l053xx.o(STACK)



==============================================================================

Memory Map of the image

  Image Entry point : 0x080000c1

  Load Region LR_IROM1 (Base: 0x08000000, Size: 0x00003914, Max: 0x00010000, ABSOLUTE, COMPRESSED[0x00003714])

    Execution Region ER_IROM1 (Exec base: 0x08000000, Load base: 0x08000000, Size: 0x00003288, Max: 0x00010000, ABSOLUTE)

    Exec Addr    Load Addr    Size         Type   Attr      Idx    E Section Name        Object

    0x08000000   0x08000000   0x000000c0   Data   RO            3    RESET               startup_stm32l053xx.o
    0x080000c0   0x080000c0   0x00000000   Code   RO         4235  * .ARM.Collect$$$$00000000  mc_p.l(entry.o)
    0x080000c0   0x080000c0   0x00000004   Code   RO         4511    .ARM.Collect$$$$00000001  mc_p.l(entry2.o)
    0x080000c4   0x080000c4   0x00000004   Code   RO         4514    .ARM.Collect$$$$00000004  mc_p.l(entry5.o)
    0x080000c8   0x080000c8   0x00000000   Code   RO         4516    .ARM.Collect$$$$00000008  mc_p.l(entry7b.o)
    0x080000c8   0x080000c8   0x00000000   Code   RO         4518    .ARM.Collect$$$$0000000A  mc_p.l(entry8b.o)
    0x080000c8   0x080000c8   0x00000008   Code   RO         4519    .ARM.Collect$$$$0000000B  mc_p.l(entry9a.o)
    0x080000d0   0x080000d0   0x00000000   Code   RO         4521    .ARM.Collect$$$$0000000D  mc_p.l(entry10a.o)
    0x080000d0   0x080000d0   0x00000000   Code   RO         4523    .ARM.Collect$$$$0000000F  mc_p.l(entry11a.o)
    0x080000d0   0x080000d0   0x00000004   Code   RO         4512    .ARM.Collect$$$$00002712  mc_p.l(entry2.o)
    0x080000d4   0x080000d4   0x00000078   Code   RO         4170    .emb_text           port.o
    0x0800014c   0x0800014c   0x0000001c   Code   RO            4    .text               startup_stm32l053xx.o
    0x08000168   0x08000168   0x0000002c   Code   RO         4238    .text               mc_p.l(uidiv.o)
    0x08000194   0x08000194   0x00000024   Code   RO         4240    .text               mc_p.l(memcpya.o)
    0x080001b8   0x080001b8   0x00000024   Code   RO         4244    .text               mc_p.l(memseta.o)
    0x080001dc   0x080001dc   0x0000000e   Code   RO         4246    .text               mc_p.l(strlen.o)
    0x080001ea   0x080001ea   0x00000002   PAD
    0x080001ec   0x080001ec   0x00000024   Code   RO         4541    .text               mc_p.l(init.o)
    0x08000210   0x08000210   0x00000056   Code   RO         4563    .text               mc_p.l(__dczerorl2.o)
    0x08000266   0x08000266   0x0000006e   Code   RO          498    i.ADC_DMAConvCplt   stm32l0xx_hal_adc.o
    0x080002d4   0x080002d4   0x0000001a   Code   RO          499    i.ADC_DMAError      stm32l0xx_hal_adc.o
    0x080002ee   0x080002ee   0x0000000a   Code   RO          500    i.ADC_DMAHalfConvCplt  stm32l0xx_hal_adc.o
    0x080002f8   0x080002f8   0x00000024   Code   RO          501    i.ADC_DelayMicroSecond  stm32l0xx_hal_adc.o
    0x0800031c   0x0800031c   0x00000064   Code   RO          503    i.ADC_Enable        stm32l0xx_hal_adc.o
    0x08000380   0x08000380   0x00000010   Code   RO          386    i.DMA1_Channel1_IRQHandler  stm32l0xx_it.o
    0x08000390   0x08000390   0x0000002c   Code   RO         2659    i.DMA_SetConfig     stm32l0xx_hal_dma.o
    0x080003bc   0x080003bc   0x00000010   Code   RO           12    i.DotMatrixTask     main.o
    0x080003cc   0x080003cc   0x0000000a   Code   RO          387    i.EXTI0_1_IRQHandler  stm32l0xx_it.o
    0x080003d6   0x080003d6   0x00000002   Code   RO           13    i.Error_Handler     main.o
    0x080003d8   0x080003d8   0x000000b8   Code   RO          505    i.HAL_ADC_ConfigChannel  stm32l0xx_hal_adc.o
    0x08000490   0x08000490   0x00000002   Code   RO          506    i.HAL_ADC_ConvCpltCallback  stm32l0xx_hal_adc.o
    0x08000492   0x08000492   0x00000002   Code   RO          507    i.HAL_ADC_ConvHalfCpltCallback  stm32l0xx_hal_adc.o
    0x08000494   0x08000494   0x00000002   Code   RO          509    i.HAL_ADC_ErrorCallback  stm32l0xx_hal_adc.o
    0x08000496   0x08000496   0x00000002   PAD
    0x08000498   0x08000498   0x000001c8   Code   RO          514    i.HAL_ADC_Init      stm32l0xx_hal_adc.o
    0x08000660   0x08000660   0x00000088   Code   RO          441    i.HAL_ADC_MspInit   stm32l0xx_hal_msp.o
    0x080006e8   0x080006e8   0x000000a0   Code   RO          521    i.HAL_ADC_Start_DMA  stm32l0xx_hal_adc.o
    0x08000788   0x08000788   0x000000a8   Code   RO         2665    i.HAL_DMA_IRQHandler  stm32l0xx_hal_dma.o
    0x08000830   0x08000830   0x00000090   Code   RO         2666    i.HAL_DMA_Init      stm32l0xx_hal_dma.o
    0x080008c0   0x080008c0   0x00000068   Code   RO         2670    i.HAL_DMA_Start_IT  stm32l0xx_hal_dma.o
    0x08000928   0x08000928   0x0000001c   Code   RO         1943    i.HAL_Delay         stm32l0xx_hal.o
    0x08000944   0x08000944   0x000000a0   Code   RO           14    i.HAL_GPIO_EXTI_Callback  main.o
    0x080009e4   0x080009e4   0x00000018   Code   RO         2599    i.HAL_GPIO_EXTI_IRQHandler  stm32l0xx_hal_gpio.o
    0x080009fc   0x080009fc   0x00000178   Code   RO         2600    i.HAL_GPIO_Init     stm32l0xx_hal_gpio.o
    0x08000b74   0x08000b74   0x0000000a   Code   RO         2602    i.HAL_GPIO_ReadPin  stm32l0xx_hal_gpio.o
    0x08000b7e   0x08000b7e   0x00000008   Code   RO         2603    i.HAL_GPIO_TogglePin  stm32l0xx_hal_gpio.o
    0x08000b86   0x08000b86   0x0000000c   Code   RO         2604    i.HAL_GPIO_WritePin  stm32l0xx_hal_gpio.o
    0x08000b92   0x08000b92   0x00000002   PAD
    0x08000b94   0x08000b94   0x0000000c   Code   RO         1947    i.HAL_GetTick       stm32l0xx_hal.o
    0x08000ba0   0x08000ba0   0x0000004a   Code   RO         1187    i.HAL_I2CEx_ConfigAnalogFilter  stm32l0xx_hal_i2c_ex.o
    0x08000bea   0x08000bea   0x00000048   Code   RO         1188    i.HAL_I2CEx_ConfigDigitalFilter  stm32l0xx_hal_i2c_ex.o
    0x08000c32   0x08000c32   0x00000002   PAD
    0x08000c34   0x08000c34   0x000000b4   Code   RO          745    i.HAL_I2C_Init      stm32l0xx_hal_i2c.o
    0x08000ce8   0x08000ce8   0x00000110   Code   RO          751    i.HAL_I2C_Master_Receive  stm32l0xx_hal_i2c.o
    0x08000df8   0x08000df8   0x00000110   Code   RO          758    i.HAL_I2C_Master_Transmit  stm32l0xx_hal_i2c.o
    0x08000f08   0x08000f08   0x00000060   Code   RO          443    i.HAL_I2C_MspInit   stm32l0xx_hal_msp.o
    0x08000f68   0x08000f68   0x00000010   Code   RO         1951    i.HAL_IncTick       stm32l0xx_hal.o
    0x08000f78   0x08000f78   0x00000028   Code   RO         1952    i.HAL_Init          stm32l0xx_hal.o
    0x08000fa0   0x08000fa0   0x00000030   Code   RO         1953    i.HAL_InitTick      stm32l0xx_hal.o
    0x08000fd0   0x08000fd0   0x00000024   Code   RO          444    i.HAL_MspInit       stm32l0xx_hal_msp.o
    0x08000ff4   0x08000ff4   0x00000014   Code   RO         2927    i.HAL_NVIC_EnableIRQ  stm32l0xx_hal_cortex.o
    0x08001008   0x08001008   0x00000008   Code   RO         2931    i.HAL_NVIC_SetPriority  stm32l0xx_hal_cortex.o
    0x08001010   0x08001010   0x0000016c   Code   RO         2123    i.HAL_RCC_ClockConfig  stm32l0xx_hal_rcc.o
    0x0800117c   0x0800117c   0x00000078   Code   RO         2131    i.HAL_RCC_GetSysClockFreq  stm32l0xx_hal_rcc.o
    0x080011f4   0x080011f4   0x00000486   Code   RO         2134    i.HAL_RCC_OscConfig  stm32l0xx_hal_rcc.o
    0x0800167a   0x0800167a   0x00000002   PAD
    0x0800167c   0x0800167c   0x00000030   Code   RO         2935    i.HAL_SYSTICK_Config  stm32l0xx_hal_cortex.o
    0x080016ac   0x080016ac   0x0000003c   Code   RO         1908    i.HAL_TIMEx_MasterConfigSynchronization  stm32l0xx_hal_tim_ex.o
    0x080016e8   0x080016e8   0x00000020   Code   RO         1244    i.HAL_TIM_Base_Start_IT  stm32l0xx_hal_tim.o
    0x08001708   0x08001708   0x00000002   Code   RO         1268    i.HAL_TIM_IC_CaptureCallback  stm32l0xx_hal_tim.o
    0x0800170a   0x0800170a   0x00000126   Code   RO         1282    i.HAL_TIM_IRQHandler  stm32l0xx_hal_tim.o
    0x08001830   0x08001830   0x00000050   Code   RO         1283    i.HAL_TIM_OC_ConfigChannel  stm32l0xx_hal_tim.o
    0x08001880   0x08001880   0x00000002   Code   RO         1285    i.HAL_TIM_OC_DelayElapsedCallback  stm32l0xx_hal_tim.o
    0x08001882   0x08001882   0x00000034   Code   RO         1287    i.HAL_TIM_OC_Init   stm32l0xx_hal_tim.o
    0x080018b6   0x080018b6   0x00000002   PAD
    0x080018b8   0x080018b8   0x0000002c   Code   RO          446    i.HAL_TIM_OC_MspInit  stm32l0xx_hal_msp.o
    0x080018e4   0x080018e4   0x00000002   Code   RO         1312    i.HAL_TIM_PWM_PulseFinishedCallback  stm32l0xx_hal_tim.o
    0x080018e6   0x080018e6   0x00000002   PAD
    0x080018e8   0x080018e8   0x00000010   Code   RO           15    i.HAL_TIM_PeriodElapsedCallback  main.o
    0x080018f8   0x080018f8   0x00000002   Code   RO         1325    i.HAL_TIM_TriggerCallback  stm32l0xx_hal_tim.o
    0x080018fa   0x080018fa   0x00000002   Code   RO          388    i.HardFault_Handler  stm32l0xx_it.o
    0x080018fc   0x080018fc   0x00000022   Code   RO          792    i.I2C_Flush_TXDR    stm32l0xx_hal_i2c.o
    0x0800191e   0x0800191e   0x00000002   PAD
    0x08001920   0x08001920   0x00000070   Code   RO          800    i.I2C_IsAcknowledgeFailed  stm32l0xx_hal_i2c.o
    0x08001990   0x08001990   0x00000028   Code   RO          807    i.I2C_TransferConfig  stm32l0xx_hal_i2c.o
    0x080019b8   0x080019b8   0x0000004e   Code   RO          808    i.I2C_WaitOnFlagUntilTimeout  stm32l0xx_hal_i2c.o
    0x08001a06   0x08001a06   0x00000002   PAD
    0x08001a08   0x08001a08   0x00000080   Code   RO          809    i.I2C_WaitOnRXNEFlagUntilTimeout  stm32l0xx_hal_i2c.o
    0x08001a88   0x08001a88   0x0000004c   Code   RO          810    i.I2C_WaitOnSTOPFlagUntilTimeout  stm32l0xx_hal_i2c.o
    0x08001ad4   0x08001ad4   0x00000050   Code   RO          811    i.I2C_WaitOnTXISFlagUntilTimeout  stm32l0xx_hal_i2c.o
    0x08001b24   0x08001b24   0x00000138   Code   RO           16    i.LCDTask           main.o
    0x08001c5c   0x08001c5c   0x0000007c   Code   RO           17    i.MX_ADC_Init       main.o
    0x08001cd8   0x08001cd8   0x000000f0   Code   RO           18    i.MX_GPIO_Init      main.o
    0x08001dc8   0x08001dc8   0x00000040   Code   RO           19    i.MX_I2C2_Init      main.o
    0x08001e08   0x08001e08   0x00000054   Code   RO           20    i.MX_TIM2_Init      main.o
    0x08001e5c   0x08001e5c   0x00000002   Code   RO          389    i.NMI_Handler       stm32l0xx_it.o
    0x08001e5e   0x08001e5e   0x00000002   PAD
    0x08001e60   0x08001e60   0x00000044   Code   RO         2937    i.NVIC_SetPriority  stm32l0xx_hal_cortex.o
    0x08001ea4   0x08001ea4   0x00000002   Code   RO         4171    i.SVC_Handler       port.o
    0x08001ea6   0x08001ea6   0x000000e0   Code   RO           21    i.SoundTask         main.o
    0x08001f86   0x08001f86   0x00000008   Code   RO           22    i.StartDefaultTask  main.o
    0x08001f8e   0x08001f8e   0x0000000c   Code   RO          390    i.SysTick_Handler   stm32l0xx_it.o
    0x08001f9a   0x08001f9a   0x00000002   PAD
    0x08001f9c   0x08001f9c   0x00000064   Code   RO           23    i.SystemClock_Config  main.o
    0x08002000   0x08002000   0x00000054   Code   RO         3035    i.SystemInit        system_stm32l0xx.o
    0x08002054   0x08002054   0x00000010   Code   RO          391    i.TIM2_IRQHandler   stm32l0xx_it.o
    0x08002064   0x08002064   0x00000058   Code   RO         1327    i.TIM_Base_SetConfig  stm32l0xx_hal_tim.o
    0x080020bc   0x080020bc   0x00000030   Code   RO         1340    i.TIM_OC1_SetConfig  stm32l0xx_hal_tim.o
    0x080020ec   0x080020ec   0x00000032   Code   RO         1341    i.TIM_OC2_SetConfig  stm32l0xx_hal_tim.o
    0x0800211e   0x0800211e   0x00000036   Code   RO         1342    i.TIM_OC3_SetConfig  stm32l0xx_hal_tim.o
    0x08002154   0x08002154   0x00000036   Code   RO         1343    i.TIM_OC4_SetConfig  stm32l0xx_hal_tim.o
    0x0800218a   0x0800218a   0x00000002   PAD
    0x0800218c   0x0800218c   0x00000028   Code   RO         4407    i.__0sprintf$6      mc_p.l(printf6.o)
    0x080021b4   0x080021b4   0x0000000e   Code   RO         4557    i.__scatterload_copy  mc_p.l(handlers.o)
    0x080021c2   0x080021c2   0x00000002   Code   RO         4558    i.__scatterload_null  mc_p.l(handlers.o)
    0x080021c4   0x080021c4   0x0000000e   Code   RO         4559    i.__scatterload_zeroinit  mc_p.l(handlers.o)
    0x080021d2   0x080021d2   0x00000002   PAD
    0x080021d4   0x080021d4   0x00000304   Code   RO         4412    i._printf_core      mc_p.l(printf6.o)
    0x080024d8   0x080024d8   0x00000020   Code   RO         4413    i._printf_post_padding  mc_p.l(printf6.o)
    0x080024f8   0x080024f8   0x0000002c   Code   RO         4414    i._printf_pre_padding  mc_p.l(printf6.o)
    0x08002524   0x08002524   0x0000000a   Code   RO         4416    i._sputc            mc_p.l(printf6.o)
    0x0800252e   0x0800252e   0x00000010   Code   RO           24    i.bcd2dec           main.o
    0x0800253e   0x0800253e   0x0000000c   Code   RO           25    i.lcd_clear         main.o
    0x0800254a   0x0800254a   0x00000002   PAD
    0x0800254c   0x0800254c   0x0000003c   Code   RO           26    i.lcd_data          main.o
    0x08002588   0x08002588   0x00000078   Code   RO           27    i.lcd_init          main.o
    0x08002600   0x08002600   0x0000002c   Code   RO           28    i.lcd_nop           main.o
    0x0800262c   0x0800262c   0x00000018   Code   RO           29    i.lcd_print         main.o
    0x08002644   0x08002644   0x00000018   Code   RO           30    i.lcd_set_cursor    main.o
    0x0800265c   0x0800265c   0x0000002c   Code   RO           31    i.lcd_write         main.o
    0x08002688   0x08002688   0x00000108   Code   RO           32    i.main              main.o
    0x08002790   0x08002790   0x0000000c   Code   RO         3772    i.makeFreeRtosPriority  cmsis_os.o
    0x0800279c   0x0800279c   0x00000010   Code   RO         3774    i.osDelay           cmsis_os.o
    0x080027ac   0x080027ac   0x0000000a   Code   RO         3777    i.osKernelStart     cmsis_os.o
    0x080027b6   0x080027b6   0x00000010   Code   RO         3810    i.osSystickHandler  cmsis_os.o
    0x080027c6   0x080027c6   0x0000002e   Code   RO         3811    i.osThreadCreate    cmsis_os.o
    0x080027f4   0x080027f4   0x00000058   Code   RO         3476    i.prvAddCurrentTaskToDelayedList  tasks.o
    0x0800284c   0x0800284c   0x000000b8   Code   RO         3477    i.prvAddNewTaskToReadyList  tasks.o
    0x08002904   0x08002904   0x00000012   Code   RO         3478    i.prvDeleteTCB      tasks.o
    0x08002916   0x08002916   0x00000002   PAD
    0x08002918   0x08002918   0x00000044   Code   RO         4121    i.prvHeapInit       heap_4.o
    0x0800295c   0x0800295c   0x00000048   Code   RO         3479    i.prvIdleTask       tasks.o
    0x080029a4   0x080029a4   0x0000007c   Code   RO         3480    i.prvInitialiseNewTask  tasks.o
    0x08002a20   0x08002a20   0x0000004c   Code   RO         4122    i.prvInsertBlockIntoFreeList  heap_4.o
    0x08002a6c   0x08002a6c   0x00000020   Code   RO         3481    i.prvResetNextTaskUnblockTime  tasks.o
    0x08002a8c   0x08002a8c   0x00000014   Code   RO         4172    i.prvTaskExitError  port.o
    0x08002aa0   0x08002aa0   0x000000b0   Code   RO         4123    i.pvPortMalloc      heap_4.o
    0x08002b50   0x08002b50   0x00000020   Code   RO         4173    i.pxPortInitialiseStack  port.o
    0x08002b70   0x08002b70   0x00000090   Code   RO           33    i.read_time         main.o
    0x08002c00   0x08002c00   0x00000020   Code   RO           34    i.resetCounter      main.o
    0x08002c20   0x08002c20   0x0000003a   Code   RO           35    i.rotate            main.o
    0x08002c5a   0x08002c5a   0x00000002   PAD
    0x08002c5c   0x08002c5c   0x00000018   Code   RO           36    i.rotateToBuffer    main.o
    0x08002c74   0x08002c74   0x0000003c   Code   RO           38    i.scan_dotmatrix2   main.o
    0x08002cb0   0x08002cb0   0x0000004c   Code   RO           39    i.shiftOut          main.o
    0x08002cfc   0x08002cfc   0x00000070   Code   RO           43    i.showTextRTOS      main.o
    0x08002d6c   0x08002d6c   0x00000020   Code   RO           44    i.tickClock         main.o
    0x08002d8c   0x08002d8c   0x00000026   Code   RO         3152    i.uxListRemove      list.o
    0x08002db2   0x08002db2   0x00000016   Code   RO         3153    i.vListInitialise   list.o
    0x08002dc8   0x08002dc8   0x00000006   Code   RO         3154    i.vListInitialiseItem  list.o
    0x08002dce   0x08002dce   0x00000030   Code   RO         3155    i.vListInsert       list.o
    0x08002dfe   0x08002dfe   0x00000018   Code   RO         3156    i.vListInsertEnd    list.o
    0x08002e16   0x08002e16   0x00000002   PAD
    0x08002e18   0x08002e18   0x00000018   Code   RO         4175    i.vPortEnterCritical  port.o
    0x08002e30   0x08002e30   0x0000001c   Code   RO         4176    i.vPortExitCritical  port.o
    0x08002e4c   0x08002e4c   0x00000044   Code   RO         4124    i.vPortFree         heap_4.o
    0x08002e90   0x08002e90   0x00000018   Code   RO         4177    i.vPortYield        port.o
    0x08002ea8   0x08002ea8   0x00000030   Code   RO         3489    i.vTaskDelay        tasks.o
    0x08002ed8   0x08002ed8   0x0000004c   Code   RO         3502    i.vTaskStartScheduler  tasks.o
    0x08002f24   0x08002f24   0x00000010   Code   RO         3504    i.vTaskSuspendAll   tasks.o
    0x08002f34   0x08002f34   0x00000058   Code   RO         3505    i.vTaskSwitchContext  tasks.o
    0x08002f8c   0x08002f8c   0x00000050   Code   RO         4178    i.xPortStartScheduler  port.o
    0x08002fdc   0x08002fdc   0x00000024   Code   RO         4179    i.xPortSysTickHandler  port.o
    0x08003000   0x08003000   0x0000004e   Code   RO         3507    i.xTaskCreate       tasks.o
    0x0800304e   0x0800304e   0x00000002   PAD
    0x08003050   0x08003050   0x00000020   Code   RO         3511    i.xTaskGetSchedulerState  tasks.o
    0x08003070   0x08003070   0x000000bc   Code   RO         3514    i.xTaskIncrementTick  tasks.o
    0x0800312c   0x0800312c   0x000000ac   Code   RO         3520    i.xTaskResumeAll    tasks.o
    0x080031d8   0x080031d8   0x00000050   Data   RO           47    .constdata          main.o
    0x08003228   0x08003228   0x00000019   Data   RO         3036    .constdata          system_stm32l0xx.o
    0x08003241   0x08003241   0x00000003   PAD
    0x08003244   0x08003244   0x00000022   Data   RO           48    .conststring        main.o
    0x08003266   0x08003266   0x00000002   PAD
    0x08003268   0x08003268   0x00000020   Data   RO         4555    Region$$Table       anon$$obj.o


    Execution Region RW_IRAM1 (Exec base: 0x20000000, Load base: 0x08003288, Size: 0x00001970, Max: 0x00002000, ABSOLUTE, COMPRESSED[0x0000048c])

    Exec Addr    Load Addr    Size         Type   Attr      Idx    E Section Name        Object

    0x20000000   COMPRESSED   0x0000062a   Data   RW           50    .data               main.o
    0x2000062a   COMPRESSED   0x00000002   PAD
    0x2000062c   COMPRESSED   0x00000004   Data   RW         1962    .data               stm32l0xx_hal.o
    0x20000630   COMPRESSED   0x00000004   Data   RW         3038    .data               system_stm32l0xx.o
    0x20000634   COMPRESSED   0x0000003c   Data   RW         3523    .data               tasks.o
    0x20000670   COMPRESSED   0x00000018   Data   RW         4129    .data               heap_4.o
    0x20000688   COMPRESSED   0x00000004   Data   RW         4180    .data               port.o
    0x2000068c        -       0x000001a8   Zero   RW           45    .bss                main.o
    0x20000834        -       0x00000048   Zero   RW           46    .bss                main.o
    0x2000087c        -       0x000000f0   Zero   RW         3522    .bss                tasks.o
    0x2000096c        -       0x00000c00   Zero   RW         4128    .bss                heap_4.o
    0x2000156c   COMPRESSED   0x00000004   PAD
    0x20001570        -       0x00000400   Zero   RW            1    STACK               startup_stm32l053xx.o


==============================================================================

Image component sizes


      Code (inc. data)   RO Data    RW Data    ZI Data      Debug   Object Name

       100          0          0          0          0       7636   cmsis_os.o
         0          0          0          0          0       1472   event_groups.o
       388         22          0         24       3072       4111   heap_4.o
       138          0          0          0          0       3290   list.o
      2496        258        114       1578        496     376399   main.o
       366         58          0          4          0       6764   port.o
        28          8        192          0       1024        616   startup_stm32l053xx.o
       144         20          0          4          0       3655   stm32l0xx_hal.o
      1088         48          0          0          0       7685   stm32l0xx_hal_adc.o
       144         24          0          0          0      10565   stm32l0xx_hal_cortex.o
       460         12          0          0          0       3559   stm32l0xx_hal_dma.o
       430         36          0          0          0       4059   stm32l0xx_hal_gpio.o
      1272         40          0          0          0      10178   stm32l0xx_hal_i2c.o
       146          0          0          0          0       1855   stm32l0xx_hal_i2c_ex.o
       312         38          0          0          0       2574   stm32l0xx_hal_msp.o
      1642         68          0          0          0       4394   stm32l0xx_hal_rcc.o
       760         10          0          0          0       9135   stm32l0xx_hal_tim.o
        60          0          0          0          0       1168   stm32l0xx_hal_tim_ex.o
        58         12          0          0          0       2554   stm32l0xx_it.o
        84         18         25          4          0       1163   system_stm32l0xx.o
      1216         90          0         60        240      14179   tasks.o

    ----------------------------------------------------------------------
     11364        762        368       1676       4836     477011   Object Totals
         0          0         32          0          0          0   (incl. Generated)
        32          0          5          2          4          0   (incl. Padding)

    ----------------------------------------------------------------------

      Code (inc. data)   RO Data    RW Data    ZI Data      Debug   Library Member Name

        86          0          0          0          0          0   __dczerorl2.o
         0          0          0          0          0          0   entry.o
         0          0          0          0          0          0   entry10a.o
         0          0          0          0          0          0   entry11a.o
         8          4          0          0          0          0   entry2.o
         4          0          0          0          0          0   entry5.o
         0          0          0          0          0          0   entry7b.o
         0          0          0          0          0          0   entry8b.o
         8          4          0          0          0          0   entry9a.o
        30          0          0          0          0          0   handlers.o
        36          8          0          0          0         68   init.o
        36          0          0          0          0         60   memcpya.o
        36          0          0          0          0        100   memseta.o
       898          8          0          0          0        384   printf6.o
        14          0          0          0          0         60   strlen.o
        44          0          0          0          0         72   uidiv.o

    ----------------------------------------------------------------------
      1204         24          0          0          0        744   Library Totals
         4          0          0          0          0          0   (incl. Padding)

    ----------------------------------------------------------------------

      Code (inc. data)   RO Data    RW Data    ZI Data      Debug   Library Name

      1200         24          0          0          0        744   mc_p.l

    ----------------------------------------------------------------------
      1204         24          0          0          0        744   Library Totals

    ----------------------------------------------------------------------

==============================================================================


      Code (inc. data)   RO Data    RW Data    ZI Data      Debug   

     12568        786        368       1676       4836     471855   Grand Totals
     12568        786        368       1164       4836     471855   ELF Image Totals (compressed)
     12568        786        368       1164          0          0   ROM Totals

==============================================================================

    Total RO  Size (Code + RO Data)                12936 (  12.63kB)
    Total RW  Size (RW Data + ZI Data)              6512 (   6.36kB)
    Total ROM Size (Code + RO Data + RW Data)      14100 (  13.77kB)

==============================================================================

