<html>
<body>
<pre>
<h1>µVision Build Log</h1>
<h2>Tool Versions:</h2>
IDE-Version: ?Vision V5.26.2.0
Copyright (C) 2018 ARM Ltd and ARM Germany GmbH. All rights reserved.
License Information: Sonthaya Max, None, LIC=----
 
Tool Versions:
Toolchain:       MDK-Lite  Version: 5.26.2.0
Toolchain Path:  C:\Keil_v5\ARM\ARMCC\Bin
C Compiler:      Armcc.exe V5.06 update 6 (build 750)
Assembler:       Armasm.exe V5.06 update 6 (build 750)
Linker/Locator:  ArmLink.exe V5.06 update 6 (build 750)
Library Manager: ArmAr.exe V5.06 update 6 (build 750)
Hex Converter:   FromElf.exe V5.06 update 6 (build 750)
CPU DLL:         SARMCM3.DLL V5.26.2.0
Dialog DLL:      DARMCM1.DLL V1.19.1.0
Target DLL:      STLink\ST-LINKIII-KEIL_SWO.dll V3.0.5.0
Dialog DLL:      TARMCM1.DLL V1.14.0.0
 
<h2>Project:</h2>
D:\GitHub\AX-N64-Project\AX-NC64-FullDemo\MDK-ARM\AX-NC64-FullDemo.uvprojx
Project File Date:  02/27/2020

<h2>Output:</h2>
*** Using Compiler 'V5.06 update 6 (build 750)', folder: 'C:\Keil_v5\ARM\ARMCC\Bin'
Build target 'AX-NC64-FullDemo'
assembling startup_stm32l053xx.s...
compiling freertos.c...
compiling stm32l0xx_hal_i2c_ex.c...
compiling stm32l0xx_hal_msp.c...
compiling stm32l0xx_hal_adc_ex.c...
compiling stm32l0xx_hal_adc.c...
compiling stm32l0xx_it.c...
compiling main.c...
../Src/main.c(105): warning:  #188-D: enumerated type mixed with another type
  	HAL_GPIO_WritePin(LCD_E_GPIO_Port, LCD_E_Pin, 1);
../Src/main.c(107): warning:  #188-D: enumerated type mixed with another type
  	HAL_GPIO_WritePin(LCD_E_GPIO_Port, LCD_E_Pin, 0);
../Src/main.c(111): warning:  #188-D: enumerated type mixed with another type
  	HAL_GPIO_WritePin(LCD_D4_GPIO_Port, LCD_D4_Pin, (data&0x10) != 0 ? 1 : 0);
../Src/main.c(112): warning:  #188-D: enumerated type mixed with another type
  	HAL_GPIO_WritePin(LCD_D5_GPIO_Port, LCD_D5_Pin, (data&0x20) != 0 ? 1 : 0);
../Src/main.c(113): warning:  #188-D: enumerated type mixed with another type
  	HAL_GPIO_WritePin(LCD_D6_GPIO_Port, LCD_D6_Pin, (data&0x40) != 0 ? 1 : 0);
../Src/main.c(114): warning:  #188-D: enumerated type mixed with another type
  	HAL_GPIO_WritePin(LCD_D7_GPIO_Port, LCD_D7_Pin, (data&0x80) != 0 ? 1 : 0);
../Src/main.c(118): warning:  #188-D: enumerated type mixed with another type
  	HAL_GPIO_WritePin(LCD_RS_GPIO_Port, LCD_RS_Pin, command_or_data);
../Src/main.c(143): warning:  #188-D: enumerated type mixed with another type
  	HAL_GPIO_WritePin(LCD_BL_GPIO_Port, LCD_BL_Pin, 1);
../Src/main.c(147): warning:  #188-D: enumerated type mixed with another type
  	HAL_GPIO_WritePin(LCD_RS_GPIO_Port, LCD_RS_Pin, 0);
../Src/main.c(148): warning:  #188-D: enumerated type mixed with another type
  	HAL_GPIO_WritePin(LCD_E_GPIO_Port, LCD_E_Pin, 0);
../Src/main.c(467): warning:  #188-D: enumerated type mixed with another type
      HAL_GPIO_WritePin(DOTMATRIX_C_DT_GPIO_Port, DOTMATRIX_C_DT_Pin, (data>>ibit)&0x01);
../Src/main.c(469): warning:  #188-D: enumerated type mixed with another type
  		HAL_GPIO_WritePin(DOTMATRIX_C_CLK_GPIO_Port, DOTMATRIX_C_CLK_Pin, 1);
../Src/main.c(470): warning:  #188-D: enumerated type mixed with another type
  		HAL_GPIO_WritePin(DOTMATRIX_C_CLK_GPIO_Port, DOTMATRIX_C_CLK_Pin, 0);
../Src/main.c(472): warning:  #188-D: enumerated type mixed with another type
    HAL_GPIO_WritePin(DOTMATRIX_C_LD_GPIO_Port, DOTMATRIX_C_LD_Pin, 1); // Set CS to HIGH
../Src/main.c(473): warning:  #188-D: enumerated type mixed with another type
    HAL_GPIO_WritePin(DOTMATRIX_C_LD_GPIO_Port, DOTMATRIX_C_LD_Pin, 0); // Set CS to LOW
../Src/main.c(477): warning:  #188-D: enumerated type mixed with another type
  	HAL_GPIO_WritePin(DOTMATRIX_R_RST_GPIO_Port, DOTMATRIX_R_RST_Pin, 1);
../Src/main.c(478): warning:  #188-D: enumerated type mixed with another type
  	HAL_GPIO_WritePin(DOTMATRIX_R_RST_GPIO_Port, DOTMATRIX_R_RST_Pin, 0);
../Src/main.c(482): warning:  #188-D: enumerated type mixed with another type
  	HAL_GPIO_WritePin(DOTMATRIX_R_CLK_GPIO_Port, DOTMATRIX_R_CLK_Pin, 1);
../Src/main.c(483): warning:  #188-D: enumerated type mixed with another type
  	HAL_GPIO_WritePin(DOTMATRIX_R_CLK_GPIO_Port, DOTMATRIX_R_CLK_Pin, 0);
../Src/main.c(609): warning:  #188-D: enumerated type mixed with another type
        HAL_GPIO_WritePin(LED_RED_GPIO_Port, LED_RED_Pin, 0);
../Src/main.c(610): warning:  #188-D: enumerated type mixed with another type
        HAL_GPIO_WritePin(LED_GREEN_GPIO_Port, LED_GREEN_Pin, 1);
../Src/main.c(611): warning:  #188-D: enumerated type mixed with another type
        HAL_GPIO_WritePin(LED_BLUE_GPIO_Port, LED_BLUE_Pin, 0);
../Src/main.c(613): warning:  #188-D: enumerated type mixed with another type
        HAL_GPIO_WritePin(LED_RED_GPIO_Port, LED_RED_Pin, 1);
../Src/main.c(614): warning:  #188-D: enumerated type mixed with another type
        HAL_GPIO_WritePin(LED_GREEN_GPIO_Port, LED_GREEN_Pin, 0);
../Src/main.c(615): warning:  #188-D: enumerated type mixed with another type
        HAL_GPIO_WritePin(LED_BLUE_GPIO_Port, LED_BLUE_Pin, 0);
../Src/main.c(618): warning:  #188-D: enumerated type mixed with another type
        HAL_GPIO_WritePin(LED_RED_GPIO_Port, LED_RED_Pin, 0);
../Src/main.c(619): warning:  #188-D: enumerated type mixed with another type
        HAL_GPIO_WritePin(LED_GREEN_GPIO_Port, LED_GREEN_Pin, 0);
../Src/main.c(620): warning:  #188-D: enumerated type mixed with another type
        HAL_GPIO_WritePin(LED_BLUE_GPIO_Port, LED_BLUE_Pin, 1);
../Src/main.c(668): warning:  #188-D: enumerated type mixed with another type
  	HAL_GPIO_WritePin(DOTMATRIX_C_LD_GPIO_Port, DOTMATRIX_C_LD_Pin, 1); // Set CS to HIGH
../Src/main.c(669): warning:  #188-D: enumerated type mixed with another type
  	HAL_GPIO_WritePin(DOTMATRIX_C_DT_GPIO_Port, DOTMATRIX_C_DT_Pin, 0);
../Src/main.c(670): warning:  #188-D: enumerated type mixed with another type
  	HAL_GPIO_WritePin(DOTMATRIX_C_CLK_GPIO_Port, DOTMATRIX_C_CLK_Pin, 0);
../Src/main.c(673): warning:  #188-D: enumerated type mixed with another type
  	HAL_GPIO_WritePin(DOTMATRIX_R_RST_GPIO_Port, DOTMATRIX_R_RST_Pin, 0);
../Src/main.c(674): warning:  #188-D: enumerated type mixed with another type
  	HAL_GPIO_WritePin(DOTMATRIX_R_CLK_GPIO_Port, DOTMATRIX_R_CLK_Pin, 0);
../Src/main.c(1145): warning:  #188-D: enumerated type mixed with another type
        HAL_GPIO_WritePin(BUZZER_GPIO_Port, BUZZER_Pin, 0);
../Src/main.c(1156): warning:  #188-D: enumerated type mixed with another type
        HAL_GPIO_WritePin(BUZZER_GPIO_Port, BUZZER_Pin, 0);
../Src/main.c(1167): warning:  #188-D: enumerated type mixed with another type
        HAL_GPIO_WritePin(BUZZER_GPIO_Port, BUZZER_Pin, 0);
../Src/main.c: 36 warnings, 0 errors
compiling stm32l0xx_hal_i2c.c...
compiling stm32l0xx_hal_tim_ex.c...
compiling stm32l0xx_hal.c...
compiling stm32l0xx_hal_rcc_ex.c...
compiling stm32l0xx_hal_flash_ramfunc.c...
compiling stm32l0xx_hal_flash.c...
compiling stm32l0xx_hal_rcc.c...
compiling stm32l0xx_hal_flash_ex.c...
compiling stm32l0xx_hal_tim.c...
compiling stm32l0xx_hal_gpio.c...
compiling croutine.c...
compiling event_groups.c...
compiling list.c...
compiling stm32l0xx_hal_dma.c...
compiling queue.c...
compiling stream_buffer.c...
compiling stm32l0xx_hal_cortex.c...
compiling stm32l0xx_hal_pwr.c...
compiling system_stm32l0xx.c...
compiling stm32l0xx_hal_pwr_ex.c...
compiling timers.c...
compiling heap_4.c...
compiling tasks.c...
compiling port.c...
compiling cmsis_os.c...
linking...
Program Size: Code=12568 RO-data=368 RW-data=1676 ZI-data=4836  
FromELF: creating hex file...
"AX-NC64-FullDemo\AX-NC64-FullDemo.axf" - 0 Error(s), 36 Warning(s).

<h2>Software Packages used:</h2>

Package Vendor: ARM
                http://www.keil.com/pack/ARM.CMSIS.5.4.0.pack
                ARM.CMSIS.5.4.0
                CMSIS (Cortex Microcontroller Software Interface Standard)
   * Component: CORE Version: 5.1.2

Package Vendor: Keil
                http://www.keil.com/pack/Keil.STM32L0xx_DFP.2.0.1.pack
                Keil.STM32L0xx_DFP.2.0.1
                STMicroelectronics STM32L0 Series Device Support, Drivers and Examples

<h2>Collection of Component include folders:</h2>
  .\RTE\_AX-NC64-FullDemo
  C:\Keil_v5\ARM\PACK\ARM\CMSIS\5.4.0\CMSIS\Core\Include
  C:\Keil_v5\ARM\PACK\Keil\STM32L0xx_DFP\2.0.1\Drivers\CMSIS\Device\ST\STM32L0xx\Include

<h2>Collection of Component Files used:</h2>

   * Component: ARM::CMSIS:CORE:5.1.2
Build Time Elapsed:  00:00:18
</pre>
</body>
</html>
